Archive member included because of file (symbol)

c:/program files (x86)/embitz/0.42/share/em_armgcc/bin/../lib/gcc/arm-none-eabi/4.8.4/../../../../arm-none-eabi/lib/armv7e-m/fpu\libstdc++_n.a(atexit_arm.o)
                              obj\debug\source\main.o (__aeabi_atexit)
c:/program files (x86)/embitz/0.42/share/em_armgcc/bin/../lib/gcc/arm-none-eabi/4.8.4/../../../../arm-none-eabi/lib/armv7e-m/fpu\libstdc++_n.a(del_op.o)
                              obj\debug\~#\~#\libraries\util\usart.o (operator delete(void*))
c:/program files (x86)/embitz/0.42/share/em_armgcc/bin/../lib/gcc/arm-none-eabi/4.8.4/../../../../arm-none-eabi/lib/armv7e-m/fpu\libstdc++_n.a(new_opv.o)
                              obj\debug\~#\~#\libraries\util\dma_rx.o (operator new[](unsigned int))
c:/program files (x86)/embitz/0.42/share/em_armgcc/bin/../lib/gcc/arm-none-eabi/4.8.4/../../../../arm-none-eabi/lib/armv7e-m/fpu\libstdc++_n.a(del_opv.o)
                              obj\debug\source\main.o (operator delete[](void*))
c:/program files (x86)/embitz/0.42/share/em_armgcc/bin/../lib/gcc/arm-none-eabi/4.8.4/../../../../arm-none-eabi/lib/armv7e-m/fpu\libstdc++_n.a(pure.o)
                              obj\debug\source\main.o (__cxa_pure_virtual)
c:/program files (x86)/embitz/0.42/share/em_armgcc/bin/../lib/gcc/arm-none-eabi/4.8.4/../../../../arm-none-eabi/lib/armv7e-m/fpu\libstdc++_n.a(new_op.o)
                              obj\debug\~#\~#\libraries\util\usart.o (operator new(unsigned int))
c:/program files (x86)/embitz/0.42/share/em_armgcc/bin/../lib/gcc/arm-none-eabi/4.8.4/../../../../arm-none-eabi/lib/armv7e-m/fpu\libstdc++_n.a(new_handler.o)
                              c:/program files (x86)/embitz/0.42/share/em_armgcc/bin/../lib/gcc/arm-none-eabi/4.8.4/../../../../arm-none-eabi/lib/armv7e-m/fpu\libstdc++_n.a(new_op.o) (__new_handler)
c:/program files (x86)/embitz/0.42/share/em_armgcc/bin/../lib/gcc/arm-none-eabi/4.8.4/../../../../arm-none-eabi/lib/armv7e-m/fpu\libstdc++_n.a(eh_terminate.o)
                              c:/program files (x86)/embitz/0.42/share/em_armgcc/bin/../lib/gcc/arm-none-eabi/4.8.4/../../../../arm-none-eabi/lib/armv7e-m/fpu\libstdc++_n.a(pure.o) (std::terminate())
c:/program files (x86)/embitz/0.42/share/em_armgcc/bin/../lib/gcc/arm-none-eabi/4.8.4/../../../../arm-none-eabi/lib/armv7e-m/fpu\libstdc++_n.a(eh_term_handler.o)
                              c:/program files (x86)/embitz/0.42/share/em_armgcc/bin/../lib/gcc/arm-none-eabi/4.8.4/../../../../arm-none-eabi/lib/armv7e-m/fpu\libstdc++_n.a(eh_terminate.o) (__cxxabiv1::__terminate_handler)
c:/program files (x86)/embitz/0.42/share/em_armgcc/bin/../lib/gcc/arm-none-eabi/4.8.4/../../../../arm-none-eabi/lib/armv7e-m/fpu\libstdc++_n.a(eh_unex_handler.o)
                              c:/program files (x86)/embitz/0.42/share/em_armgcc/bin/../lib/gcc/arm-none-eabi/4.8.4/../../../../arm-none-eabi/lib/armv7e-m/fpu\libstdc++_n.a(eh_terminate.o) (__cxxabiv1::__unexpected_handler)
c:/program files (x86)/embitz/0.42/share/em_armgcc/bin/../lib/gcc/arm-none-eabi/4.8.4/../../../../arm-none-eabi/lib/armv7e-m/fpu\libstdc++_n.a(vterminate.o)
                              c:/program files (x86)/embitz/0.42/share/em_armgcc/bin/../lib/gcc/arm-none-eabi/4.8.4/../../../../arm-none-eabi/lib/armv7e-m/fpu\libstdc++_n.a(eh_term_handler.o) (__gnu_cxx::__verbose_terminate_handler())
c:/program files (x86)/embitz/0.42/share/em_armgcc/bin/../lib/gcc/arm-none-eabi/4.8.4/../../../../arm-none-eabi/lib/armv7e-m/fpu\libstdc++_n.a(cp-demangle.o)
                              c:/program files (x86)/embitz/0.42/share/em_armgcc/bin/../lib/gcc/arm-none-eabi/4.8.4/../../../../arm-none-eabi/lib/armv7e-m/fpu\libstdc++_n.a(vterminate.o) (__cxa_demangle)
c:/program files (x86)/embitz/0.42/share/em_armgcc/bin/../lib/gcc/arm-none-eabi/4.8.4/../../../../arm-none-eabi/lib/armv7e-m/fpu\libstdc++_n.a(eh_type.o)
                              c:/program files (x86)/embitz/0.42/share/em_armgcc/bin/../lib/gcc/arm-none-eabi/4.8.4/../../../../arm-none-eabi/lib/armv7e-m/fpu\libstdc++_n.a(vterminate.o) (__cxa_current_exception_type)
c:/program files (x86)/embitz/0.42/share/em_armgcc/bin/../lib/gcc/arm-none-eabi/4.8.4/../../../../arm-none-eabi/lib/armv7e-m/fpu\libstdc++_n.a(eh_globals.o)
                              c:/program files (x86)/embitz/0.42/share/em_armgcc/bin/../lib/gcc/arm-none-eabi/4.8.4/../../../../arm-none-eabi/lib/armv7e-m/fpu\libstdc++_n.a(eh_type.o) (__cxa_get_globals)
c:/program files (x86)/embitz/0.42/share/em_armgcc/bin/../lib/gcc/arm-none-eabi/4.8.4/../../../../arm-none-eabi/lib/armv7e-m/fpu\libm.a(lib_a-s_atan.o)
                              obj\debug\~#\~#\libraries\util\coordinate_conversions.o (atan)
c:/program files (x86)/embitz/0.42/share/em_armgcc/bin/../lib/gcc/arm-none-eabi/4.8.4/../../../../arm-none-eabi/lib/armv7e-m/fpu\libm.a(lib_a-s_cos.o)
                              obj\debug\~#\~#\libraries\util\coordinate_conversions.o (cos)
[...]
Memory Configuration

Name             Origin             Length             Attributes
ROM              0x08000000         0x00080000         xr
RAM              0x20000000         0x00020000         xrw
CCRAM            0x10000000         0x00010000         xrw
*default*        0x00000000         0xffffffff

Linker script and memory map

LOAD c:/program files (x86)/embitz/0.42/share/em_armgcc/bin/../lib/gcc/arm-none-eabi/4.8.4/armv7e-m/fpu/crti.o
LOAD c:/program files (x86)/embitz/0.42/share/em_armgcc/bin/../lib/gcc/arm-none-eabi/4.8.4/armv7e-m/fpu/crtbegin.o
LOAD c:/program files (x86)/embitz/0.42/share/em_armgcc/bin/../lib/gcc/arm-none-eabi/4.8.4/../../../../arm-none-eabi/lib/armv7e-m/fpu/crt0.o
                0x00004000                __HEAP_SIZE = 0x4000
                0x00002000                __STACK_SIZE = 0x2000

.text           0x08000000    0x169f0
 *(.isr_vector)
 .isr_vector    0x08000000      0x188 obj\debug\~#\~#\hardware_config\system\startup_stm32f4xx.o
                0x08000000                __isr_vector
 *(.text*)
 .text          0x08000188       0x54 c:/program files (x86)/embitz/0.42/share/em_armgcc/bin/../lib/gcc/arm-none-eabi/4.8.4/armv7e-m/fpu/crtbegin.o
 .text          0x080001dc       0x74 c:/program files (x86)/embitz/0.42/share/em_armgcc/bin/../lib/gcc/arm-none-eabi/4.8.4/../../../../arm-none-eabi/lib/armv7e-m/fpu/crt0.o
                0x080001dc                _start
                0x080001dc                _mainCRTStartup
 .text._ZNK9Scheduler4Task4nameEv
                0x08000250       0x10 obj\debug\source\main.o
                0x08000250                Scheduler::Task::name() const
 .text._ZNK9Scheduler4Task20currentStepIsDefaultEv
                0x08000260       0x18 obj\debug\source\main.o
                0x08000260                Scheduler::Task::currentStepIsDefault() const
 .text.main     0x08000278       0x90 obj\debug\source\main.o
                0x08000278                main
 .text._ZN9Scheduler10QueuedTaskI12glob_queue_tED2Ev
                0x08000308       0x24 obj\debug\source\main.o
                0x08000308                Scheduler::QueuedTask<glob_queue_t>::~QueuedTask()
                0x08000308                Scheduler::QueuedTask<glob_queue_t>::~QueuedTask()
 .text._ZN17TelemetrySendTaskD2Ev
                0x0800032c       0x2c obj\debug\source\main.o
                0x0800032c                TelemetrySendTask::~TelemetrySendTask()
                0x0800032c                TelemetrySendTask::~TelemetrySendTask()
 .text._Z41__static_initialization_and_destruction_0ii
                0x08000358       0xa8 obj\debug\source\main.o
 .text._ZN9Scheduler5QueueI12glob_queue_tED2Ev
                0x08000400       0x24 obj\debug\source\main.o
                0x08000400                Scheduler::Queue<glob_queue_t>::~Queue()
                0x08000400                Scheduler::Queue<glob_queue_t>::~Queue()
 .text._ZN11SimpleArrayI17glob_data_queue_tED2Ev
                0x08000424       0x34 obj\debug\source\main.o
                0x08000424                SimpleArray<glob_data_queue_t>::~SimpleArray()
                0x08000424                SimpleArray<glob_data_queue_t>::~SimpleArray()
 .text._ZN9Scheduler10QueuedTaskI12glob_queue_tE9needToRunEv
                0x08000458       0x38 obj\debug\source\main.o
                0x08000458                Scheduler::QueuedTask<glob_queue_t>::needToRun()
 .text._ZNK9Scheduler5QueueI12glob_queue_tE5countEv
                0x08000490       0x10 obj\debug\source\main.o
                0x08000490                Scheduler::Queue<glob_queue_t>::count() const
 .text._GLOBAL__sub_I_sys_timer
                0x080004a0       0x10 obj\debug\source\main.o
 .text._Z41__static_initialization_and_destruction_0ii
                0x080004b0       0x30 obj\debug\source\robot_settings.o
 .text._GLOBAL__sub_I_FIRMWARE_VERSION
                0x080004e0       0x10 obj\debug\source\robot_settings.o
 .text._ZN8GlobBaseC2EhhtPv
                0x080004f0       0x44 obj\debug\~#\~#\globs\globs.o
                0x080004f0                GlobBase::GlobBase(unsigned char, unsigned char, unsigned short, void*)
                0x080004f0                GlobBase::GlobBase(unsigned char, unsigned char, unsigned short, void*)
 .text._ZN12GlobTemplateI20glo_assert_message_tLt3E17TelemetrySendTaskEC2Eh
                0x08000534       0x40 obj\debug\~#\~#\globs\globs.o
                0x08000534                GlobTemplate<glo_assert_message_t, (unsigned short)3, TelemetrySendTask>::GlobTemplate(unsigned char)
                0x08000534                GlobTemplate<glo_assert_message_t, (unsigned short)3, TelemetrySendTask>::GlobTemplate(unsigned char)
 .text._ZN12GlobTemplateI19glo_debug_message_tLt5E17TelemetrySendTaskEC2Eh
                0x08000574       0x40 obj\debug\~#\~#\globs\globs.o
                0x08000574                GlobTemplate<glo_debug_message_t, (unsigned short)5, TelemetrySendTask>::GlobTemplate(unsigned char)
                0x08000574                GlobTemplate<glo_debug_message_t, (unsigned short)5, TelemetrySendTask>::GlobTemplate(unsigned char)
 .text._ZN12GlobTemplateI18glo_capture_data_tLt2001E15MainControlTaskEC2Eh
                0x080005b4       0x44 obj\debug\~#\~#\globs\globs.o
                0x080005b4                GlobTemplate<glo_capture_data_t, (unsigned short)2001, MainControlTask>::GlobTemplate(unsigned char)
                0x080005b4                GlobTemplate<glo_capture_data_t, (unsigned short)2001, MainControlTask>::GlobTemplate(unsigned char)
 .text._ZN12GlobTemplateI21glo_driving_command_tLt1E20TelemetryReceiveTaskEC2Eh
                0x080005f8       0x40 obj\debug\~#\~#\globs\globs.o
                0x080005f8                GlobTemplate<glo_driving_command_t, (unsigned short)1, TelemetryReceiveTask>::GlobTemplate(unsigned char)
                0x080005f8                GlobTemplate<glo_driving_command_t, (unsigned short)1, TelemetryReceiveTask>::GlobTemplate(unsigned char)
 .text._ZN12GlobTemplateI21glo_capture_command_tLt1E15MainControlTaskEC2Eh
                0x08000638       0x40 obj\debug\~#\~#\globs\globs.o
                0x08000638                GlobTemplate<glo_capture_command_t, (unsigned short)1, MainControlTask>::GlobTemplate(unsigned char)
                0x08000638                GlobTemplate<glo_capture_command_t, (unsigned short)1, MainControlTask>::GlobTemplate(unsigned char)
 .text._ZN12GlobTemplateI17glo_status_data_tLt1E16StatusUpdateTaskEC2Eh
                0x08000678       0x40 obj\debug\~#\~#\globs\globs.o
                0x08000678                GlobTemplate<glo_status_data_t, (unsigned short)1, StatusUpdateTask>::GlobTemplate(unsigned char)
                0x08000678                GlobTemplate<glo_status_data_t, (unsigned short)1, StatusUpdateTask>::GlobTemplate(unsigned char)
 .text._ZN12GlobTemplateI21glo_motion_commands_tLt1E20TelemetryReceiveTaskEC2Eh
                0x080006b8       0x40 obj\debug\~#\~#\globs\globs.o
                0x080006b8                GlobTemplate<glo_motion_commands_t, (unsigned short)1, TelemetryReceiveTask>::GlobTemplate(unsigned char)
                0x080006b8                GlobTemplate<glo_motion_commands_t, (unsigned short)1, TelemetryReceiveTask>::GlobTemplate(unsigned char)
 .text._ZN12GlobTemplateI13glo_raw_imu_tLt1E23ComplementaryFilterTaskEC2Eh
                0x080006f8       0x40 obj\debug\~#\~#\globs\globs.o
                0x080006f8                GlobTemplate<glo_raw_imu_t, (unsigned short)1, ComplementaryFilterTask>::GlobTemplate(unsigned char)
                0x080006f8                GlobTemplate<glo_raw_imu_t, (unsigned short)1, ComplementaryFilterTask>::GlobTemplate(unsigned char)
 .text._ZN12GlobTemplateI12glo_analog_tLt1E15MainControlTaskEC2Eh
                0x08000738       0x40 obj\debug\~#\~#\globs\globs.o
                0x08000738                GlobTemplate<glo_analog_t, (unsigned short)1, MainControlTask>::GlobTemplate(unsigned char)
                0x08000738                GlobTemplate<glo_analog_t, (unsigned short)1, MainControlTask>::GlobTemplate(unsigned char)
 .text._ZN12GlobTemplateI9glo_imu_tLt1E23ComplementaryFilterTaskEC2Eh
                0x08000778       0x40 obj\debug\~#\~#\globs\globs.o
                0x08000778                GlobTemplate<glo_imu_t, (unsigned short)1, ComplementaryFilterTask>::GlobTemplate(unsigned char)
                0x08000778                GlobTemplate<glo_imu_t, (unsigned short)1, ComplementaryFilterTask>::GlobTemplate(unsigned char)
 .text._ZN12GlobTemplateI20glo_roll_pitch_yaw_tLt1E23ComplementaryFilterTaskEC2Eh
                0x080007b8       0x40 obj\debug\~#\~#\globs\globs.o
                0x080007b8                GlobTemplate<glo_roll_pitch_yaw_t, (unsigned short)1, ComplementaryFilterTask>::GlobTemplate(unsigned char)
                0x080007b8                GlobTemplate<glo_roll_pitch_yaw_t, (unsigned short)1, ComplementaryFilterTask>::GlobTemplate(unsigned char)
 .text._ZN12GlobTemplateI16glo_quaternion_tLt1E23ComplementaryFilterTaskEC2Eh
                0x080007f8       0x40 obj\debug\~#\~#\globs\globs.o
                0x080007f8                GlobTemplate<glo_quaternion_t, (unsigned short)1, ComplementaryFilterTask>::GlobTemplate(unsigned char)
                0x080007f8                GlobTemplate<glo_quaternion_t, (unsigned short)1, ComplementaryFilterTask>::GlobTemplate(unsigned char)
 .text._ZN12GlobTemplateI16glo_theta_zero_tLt1E15MainControlTaskEC2Eh
                0x08000838       0x40 obj\debug\~#\~#\globs\globs.o
                0x08000838                GlobTemplate<glo_theta_zero_t, (unsigned short)1, MainControlTask>::GlobTemplate(unsigned char)
                0x08000838                GlobTemplate<glo_theta_zero_t, (unsigned short)1, MainControlTask>::GlobTemplate(unsigned char)
 .text._ZN12GlobTemplateI14glo_odometry_tLt1E15MainControlTaskEC2Eh
                0x08000878       0x40 obj\debug\~#\~#\globs\globs.o
                0x08000878                GlobTemplate<glo_odometry_t, (unsigned short)1, MainControlTask>::GlobTemplate(unsigned char)
                0x08000878                GlobTemplate<glo_odometry_t, (unsigned short)1, MainControlTask>::GlobTemplate(unsigned char)
 .text._ZN12GlobTemplateI11glo_modes_tLt1E9ModesTaskEC2Eh
                0x080008b8       0x40 obj\debug\~#\~#\globs\globs.o
                0x080008b8                GlobTemplate<glo_modes_t, (unsigned short)1, ModesTask>::GlobTemplate(unsigned char)
                0x080008b8                GlobTemplate<glo_modes_t, (unsigned short)1, ModesTask>::GlobTemplate(unsigned char)
 .text._ZN12GlobTemplateIhLt1E9ModesTaskEC2Eh
                0x080008f8       0x40 obj\debug\~#\~#\globs\globs.o
                0x080008f8                GlobTemplate<unsigned char, (unsigned short)1, ModesTask>::GlobTemplate(unsigned char)
                0x080008f8                GlobTemplate<unsigned char, (unsigned short)1, ModesTask>::GlobTemplate(unsigned char)
 .text._ZN12GlobTemplateI15glo_motor_pwm_tLt1E15MainControlTaskEC2Eh
                0x08000938       0x40 obj\debug\~#\~#\globs\globs.o
                0x08000938                GlobTemplate<glo_motor_pwm_t, (unsigned short)1, MainControlTask>::GlobTemplate(unsigned char)
                0x08000938                GlobTemplate<glo_motor_pwm_t, (unsigned short)1, MainControlTask>::GlobTemplate(unsigned char)
 .text._ZN12GlobTemplateI10glo_wave_tLt1E15MainControlTaskEC2Eh
                0x08000978       0x40 obj\debug\~#\~#\globs\globs.o
                0x08000978                GlobTemplate<glo_wave_t, (unsigned short)1, MainControlTask>::GlobTemplate(unsigned char)
                0x08000978                GlobTemplate<glo_wave_t, (unsigned short)1, MainControlTask>::GlobTemplate(unsigned char)
 .text._ZN12GlobTemplateI16glo_pid_params_tLt8E20TelemetryReceiveTaskEC2Eh
                0x080009b8       0x40 obj\debug\~#\~#\globs\globs.o
                0x080009b8                GlobTemplate<glo_pid_params_t, (unsigned short)8, TelemetryReceiveTask>::GlobTemplate(unsigned char)
                0x080009b8                GlobTemplate<glo_pid_params_t, (unsigned short)8, TelemetryReceiveTask>::GlobTemplate(unsigned char)
 .text._ZN12GlobTemplateI13glo_request_tLt1E20TelemetryReceiveTaskEC2Eh
                0x080009f8       0x40 obj\debug\~#\~#\globs\globs.o
                0x080009f8                GlobTemplate<glo_request_t, (unsigned short)1, TelemetryReceiveTask>::GlobTemplate(unsigned char)
                0x080009f8                GlobTemplate<glo_request_t, (unsigned short)1, TelemetryReceiveTask>::GlobTemplate(unsigned char)
 .text._ZN12GlobTemplateI17glo_task_timing_tLt1E17TelemetrySendTaskEC2Eh
                0x08000a38       0x40 obj\debug\~#\~#\globs\globs.o
                0x08000a38                GlobTemplate<glo_task_timing_t, (unsigned short)1, TelemetrySendTask>::GlobTemplate(unsigned char)
                0x08000a38                GlobTemplate<glo_task_timing_t, (unsigned short)1, TelemetrySendTask>::GlobTemplate(unsigned char)
 .text._Z41__static_initialization_and_destruction_0ii
                0x08000a78      0x11c obj\debug\~#\~#\globs\globs.o
 .text._GLOBAL__sub_I_glo_assert_message
                0x08000b94       0x10 obj\debug\~#\~#\globs\globs.o
 .text.NVIC_SetPriority
                0x08000ba4       0x4c obj\debug\~#\~#\hardware_config\system\exception_handlers.o
 .text._Z24setup_exception_handlersv
                0x08000bf0       0x40 obj\debug\~#\~#\hardware_config\system\exception_handlers.o
                0x08000bf0                setup_exception_handlers()
 .text.HardFault_Handler
                0x08000c30        0x4 obj\debug\~#\~#\hardware_config\system\exception_handlers.o
                0x08000c30                HardFault_Handler
 .text.MemManage_Handler
                0x08000c34       0x18 obj\debug\~#\~#\hardware_config\system\exception_handlers.o
                0x08000c34                MemManage_Handler
 .text.BusFault_Handler
                0x08000c4c       0x18 obj\debug\~#\~#\hardware_config\system\exception_handlers.o
                0x08000c4c                BusFault_Handler
 .text.UsageFault_Handler
                0x08000c64       0x18 obj\debug\~#\~#\hardware_config\system\exception_handlers.o
                0x08000c64                UsageFault_Handler
 .text.pre_main_setup
                0x08000c7c       0x30 obj\debug\~#\~#\hardware_config\system\pre_main_setup.o
                0x08000c7c                pre_main_setup
 .text          0x08000cac      0x134 obj\debug\~#\~#\hardware_config\system\startup_stm32f4xx.o
                0x08000cac                Reset_Handler
                0x08000d1e                NMI_Handler
                0x08000d28                SVC_Handler
                0x08000d2a                DebugMon_Handler
                0x08000d2c                PendSV_Handler
                0x08000d30                Default_Handler
                0x08000d32                WWDG_IRQHandler
                0x08000d34                PVD_IRQHandler
                0x08000d36                TAMP_STAMP_IRQHandler
                0x08000d38                RTC_WKUP_IRQHandler
                0x08000d3a                FLASH_IRQHandler
                0x08000d3c                RCC_IRQHandler
                0x08000d3e                EXTI0_IRQHandler
                0x08000d40                EXTI1_IRQHandler
                0x08000d42                EXTI2_IRQHandler
                0x08000d44                EXTI3_IRQHandler
                0x08000d46                EXTI4_IRQHandler
                0x08000d48                DMA1_Stream0_IRQHandler
                0x08000d4a                DMA1_Stream1_IRQHandler
                0x08000d4c                DMA1_Stream2_IRQHandler
                0x08000d4e                DMA1_Stream3_IRQHandler
                0x08000d50                DMA1_Stream4_IRQHandler
                0x08000d52                DMA1_Stream5_IRQHandler
                0x08000d56                ADC_IRQHandler
                0x08000d58                CAN1_TX_IRQHandler
                0x08000d5a                CAN1_RX0_IRQHandler
                0x08000d5c                CAN1_RX1_IRQHandler
                0x08000d5e                CAN1_SCE_IRQHandler
                0x08000d60                EXTI9_5_IRQHandler
                0x08000d62                TIM1_BRK_TIM9_IRQHandler
                0x08000d64                TIM1_UP_TIM10_IRQHandler
                0x08000d66                TIM1_TRG_COM_TIM11_IRQHandler
                0x08000d68                TIM1_CC_IRQHandler
                0x08000d6a                TIM2_IRQHandler
                0x08000d6c                TIM3_IRQHandler
                0x08000d6e                TIM4_IRQHandler
                0x08000d70                I2C1_EV_IRQHandler
                0x08000d72                I2C1_ER_IRQHandler
                0x08000d74                I2C2_EV_IRQHandler
                0x08000d76                I2C2_ER_IRQHandler
                0x08000d78                SPI1_IRQHandler
                0x08000d7a                SPI2_IRQHandler
                0x08000d7c                USART1_IRQHandler
                0x08000d7e                USART2_IRQHandler
                0x08000d80                USART3_IRQHandler
                0x08000d82                EXTI15_10_IRQHandler
                0x08000d84                RTC_Alarm_IRQHandler
                0x08000d86                OTG_FS_WKUP_IRQHandler
                0x08000d88                TIM8_BRK_TIM12_IRQHandler
                0x08000d8a                TIM8_UP_TIM13_IRQHandler
                0x08000d8c                TIM8_TRG_COM_TIM14_IRQHandler
                0x08000d8e                TIM8_CC_IRQHandler
                0x08000d92                FSMC_IRQHandler
                0x08000d94                SDIO_IRQHandler
                0x08000d96                TIM5_IRQHandler
                0x08000d98                SPI3_IRQHandler
                0x08000d9a                UART4_IRQHandler
                0x08000d9c                UART5_IRQHandler
                0x08000d9e                TIM6_DAC_IRQHandler
                0x08000da0                TIM7_IRQHandler
                0x08000da4                DMA2_Stream1_IRQHandler
                0x08000da6                DMA2_Stream2_IRQHandler
                0x08000da8                DMA2_Stream3_IRQHandler
                0x08000daa                DMA2_Stream4_IRQHandler
                0x08000dac                ETH_IRQHandler
                0x08000dae                ETH_WKUP_IRQHandler
                0x08000db0                CAN2_TX_IRQHandler
                0x08000db2                CAN2_RX0_IRQHandler
                0x08000db4                CAN2_RX1_IRQHandler
                0x08000db6                CAN2_SCE_IRQHandler
                0x08000db8                OTG_FS_IRQHandler
                0x08000dba                DMA2_Stream5_IRQHandler
                0x08000dbc                DMA2_Stream6_IRQHandler
                0x08000dbe                DMA2_Stream7_IRQHandler
                0x08000dc0                USART6_IRQHandler
                0x08000dc2                I2C3_EV_IRQHandler
                0x08000dc4                I2C3_ER_IRQHandler
                0x08000dc6                OTG_HS_EP1_OUT_IRQHandler
                0x08000dc8                OTG_HS_EP1_IN_IRQHandler
                0x08000dca                OTG_HS_WKUP_IRQHandler
                0x08000dcc                OTG_HS_IRQHandler
                0x08000dce                DCMI_IRQHandler
                0x08000dd0                CRYP_IRQHandler
                0x08000dd2                HASH_RNG_IRQHandler
                0x08000dd4                FPU_IRQHandler
 .text.SystemInit
                0x08000de0       0x68 obj\debug\~#\~#\hardware_config\system\system_stm32f4xx_eeva_revd.o
                0x08000de0                SystemInit
 .text.SetSysClock
                0x08000e48       0xf4 obj\debug\~#\~#\hardware_config\system\system_stm32f4xx_eeva_revd.o
 .text._ZN9GloRxLinkC2EP5UsartPFvhtPvE
                0x08000f3c       0x50 obj\debug\~#\~#\libraries\glo_link\glo_rx_link.o
                0x08000f3c                GloRxLink::GloRxLink(Usart*, void (*)(unsigned char, unsigned short, void*))
                0x08000f3c                GloRxLink::GloRxLink(Usart*, void (*)(unsigned char, unsigned short, void*))
 .text._ZN9GloRxLink5parseEv
                0x08000f8c      0x1c0 obj\debug\~#\~#\libraries\glo_link\glo_rx_link.o
                0x08000f8c                GloRxLink::parse()
 .text._ZN9GloRxLink9verifyCRCEv
                0x0800114c       0x88 obj\debug\~#\~#\libraries\glo_link\glo_rx_link.o
                0x0800114c                GloRxLink::verifyCRC()
 .text._ZN9GloRxLink21handleReceivedMessageEv
                0x080011d4       0x90 obj\debug\~#\~#\libraries\glo_link\glo_rx_link.o
                0x080011d4                GloRxLink::handleReceivedMessage()
 .text._ZN9GloRxLink10resetParseEv
                0x08001264       0x1c obj\debug\~#\~#\libraries\glo_link\glo_rx_link.o
                0x08001264                GloRxLink::resetParse()
 .text._ZN9GloRxLink12advanceParseEv
                0x08001280       0x18 obj\debug\~#\~#\libraries\glo_link\glo_rx_link.o
                0x08001280                GloRxLink::advanceParse()
 .text._ZNK8GlobBase13get_num_bytesEv
                0x08001298       0x10 obj\debug\~#\~#\libraries\glo_link\glo_tx_link.o
                0x08001298                GlobBase::get_num_bytes() const
 .text._ZNK8GlobBase14copy_to_bufferEPvt
                0x080012a8       0x78 obj\debug\~#\~#\libraries\glo_link\glo_tx_link.o
                0x080012a8                GlobBase::copy_to_buffer(void*, unsigned short) const
 .text._ZN9GloTxLinkC2EP5Usart
                0x08001320       0x28 obj\debug\~#\~#\libraries\glo_link\glo_tx_link.o
                0x08001320                GloTxLink::GloTxLink(Usart*)
                0x08001320                GloTxLink::GloTxLink(Usart*)
 .text._ZN9GloTxLink4sendEhtPv
                0x08001348      0x19c obj\debug\~#\~#\libraries\glo_link\glo_tx_link.o
                0x08001348                GloTxLink::send(unsigned char, unsigned short, void*)
 .text.NVIC_Init
                0x080014e4       0xbc obj\debug\~#\~#\libraries\spl\source\misc.o
                0x080014e4                NVIC_Init
 .text.ADC_Init
                0x080015a0       0xa8 obj\debug\~#\~#\libraries\spl\source\stm32f4xx_adc.o
                0x080015a0                ADC_Init
 .text.ADC_CommonInit
                0x08001648       0x50 obj\debug\~#\~#\libraries\spl\source\stm32f4xx_adc.o
                0x08001648                ADC_CommonInit
 .text.ADC_Cmd  0x08001698       0x38 obj\debug\~#\~#\libraries\spl\source\stm32f4xx_adc.o
                0x08001698                ADC_Cmd
 .text.ADC_RegularChannelConfig
                0x080016d0      0x188 obj\debug\~#\~#\libraries\spl\source\stm32f4xx_adc.o
                0x080016d0                ADC_RegularChannelConfig
 .text.ADC_DMACmd
                0x08001858       0x38 obj\debug\~#\~#\libraries\spl\source\stm32f4xx_adc.o
                0x08001858                ADC_DMACmd
 .text.ADC_DMARequestAfterLastTransferCmd
                0x08001890       0x38 obj\debug\~#\~#\libraries\spl\source\stm32f4xx_adc.o
                0x08001890                ADC_DMARequestAfterLastTransferCmd
 .text.DMA_DeInit
                0x080018c8      0x1a4 obj\debug\~#\~#\libraries\spl\source\stm32f4xx_dma.o
                0x080018c8                DMA_DeInit
 .text.DMA_Init
                0x08001a6c       0xac obj\debug\~#\~#\libraries\spl\source\stm32f4xx_dma.o
                0x08001a6c                DMA_Init
 .text.DMA_Cmd  0x08001b18       0x38 obj\debug\~#\~#\libraries\spl\source\stm32f4xx_dma.o
                0x08001b18                DMA_Cmd
 .text.DMA_ITConfig
                0x08001b50       0x74 obj\debug\~#\~#\libraries\spl\source\stm32f4xx_dma.o
                0x08001b50                DMA_ITConfig
 .text.DMA_GetITStatus
                0x08001bc4       0xb0 obj\debug\~#\~#\libraries\spl\source\stm32f4xx_dma.o
                0x08001bc4                DMA_GetITStatus
 .text.DMA_ClearITPendingBit
                0x08001c74       0x5c obj\debug\~#\~#\libraries\spl\source\stm32f4xx_dma.o
                0x08001c74                DMA_ClearITPendingBit
 .text.GPIO_Init
                0x08001cd0      0x11c obj\debug\~#\~#\libraries\spl\source\stm32f4xx_gpio.o
                0x08001cd0                GPIO_Init
 .text.GPIO_PinAFConfig
                0x08001dec       0x8c obj\debug\~#\~#\libraries\spl\source\stm32f4xx_gpio.o
                0x08001dec                GPIO_PinAFConfig
 .text.RCC_GetClocksFreq
                0x08001e78      0x154 obj\debug\~#\~#\libraries\spl\source\stm32f4xx_rcc.o
                0x08001e78                RCC_GetClocksFreq
 .text.RCC_AHB1PeriphClockCmd
                0x08001fcc       0x3c obj\debug\~#\~#\libraries\spl\source\stm32f4xx_rcc.o
                0x08001fcc                RCC_AHB1PeriphClockCmd
 .text.RCC_APB1PeriphClockCmd
                0x08002008       0x3c obj\debug\~#\~#\libraries\spl\source\stm32f4xx_rcc.o
                0x08002008                RCC_APB1PeriphClockCmd
 .text.RCC_APB2PeriphClockCmd
                0x08002044       0x3c obj\debug\~#\~#\libraries\spl\source\stm32f4xx_rcc.o
                0x08002044                RCC_APB2PeriphClockCmd
 .text.RCC_APB1PeriphResetCmd
                0x08002080       0x3c obj\debug\~#\~#\libraries\spl\source\stm32f4xx_rcc.o
                0x08002080                RCC_APB1PeriphResetCmd
 .text.RCC_APB2PeriphResetCmd
                0x080020bc       0x3c obj\debug\~#\~#\libraries\spl\source\stm32f4xx_rcc.o
                0x080020bc                RCC_APB2PeriphResetCmd
 .text.SPI_I2S_DeInit
                0x080020f8       0xd8 obj\debug\~#\~#\libraries\spl\source\stm32f4xx_spi.o
                0x080020f8                SPI_I2S_DeInit
 .text.SPI_Init
                0x080021d0       0x88 obj\debug\~#\~#\libraries\spl\source\stm32f4xx_spi.o
                0x080021d0                SPI_Init
 .text.SPI_Cmd  0x08002258       0x40 obj\debug\~#\~#\libraries\spl\source\stm32f4xx_spi.o
                0x08002258                SPI_Cmd
 .text.SPI_I2S_ReceiveData
                0x08002298       0x1c obj\debug\~#\~#\libraries\spl\source\stm32f4xx_spi.o
                0x08002298                SPI_I2S_ReceiveData
 .text.SPI_I2S_SendData
                0x080022b4       0x1c obj\debug\~#\~#\libraries\spl\source\stm32f4xx_spi.o
                0x080022b4                SPI_I2S_SendData
 .text.SPI_I2S_GetFlagStatus
                0x080022d0       0x38 obj\debug\~#\~#\libraries\spl\source\stm32f4xx_spi.o
                0x080022d0                SPI_I2S_GetFlagStatus
 .text.TIM_TimeBaseInit
                0x08002308       0xd4 obj\debug\~#\~#\libraries\spl\source\stm32f4xx_tim.o
                0x08002308                TIM_TimeBaseInit
 .text.TIM_SetAutoreload
                0x080023dc       0x1c obj\debug\~#\~#\libraries\spl\source\stm32f4xx_tim.o
                0x080023dc                TIM_SetAutoreload
 .text.TIM_ARRPreloadConfig
                0x080023f8       0x40 obj\debug\~#\~#\libraries\spl\source\stm32f4xx_tim.o
                0x080023f8                TIM_ARRPreloadConfig
 .text.TIM_Cmd  0x08002438       0x40 obj\debug\~#\~#\libraries\spl\source\stm32f4xx_tim.o
                0x08002438                TIM_Cmd
 .text.TIM_OC1Init
                0x08002478       0xf4 obj\debug\~#\~#\libraries\spl\source\stm32f4xx_tim.o
                0x08002478                TIM_OC1Init
 .text.TIM_OC2Init
                0x0800256c      0x110 obj\debug\~#\~#\libraries\spl\source\stm32f4xx_tim.o
                0x0800256c                TIM_OC2Init
 .text.TIM_OC1PreloadConfig
                0x0800267c       0x38 obj\debug\~#\~#\libraries\spl\source\stm32f4xx_tim.o
                0x0800267c                TIM_OC1PreloadConfig
 .text.TIM_OC2PreloadConfig
                0x080026b4       0x3c obj\debug\~#\~#\libraries\spl\source\stm32f4xx_tim.o
                0x080026b4                TIM_OC2PreloadConfig
 .text.TIM_BDTRConfig
                0x080026f0       0x50 obj\debug\~#\~#\libraries\spl\source\stm32f4xx_tim.o
                0x080026f0                TIM_BDTRConfig
 .text.TIM_EncoderInterfaceConfig
                0x08002740       0x8c obj\debug\~#\~#\libraries\spl\source\stm32f4xx_tim.o
                0x08002740                TIM_EncoderInterfaceConfig
 .text.USART_Init
                0x080027cc      0x174 obj\debug\~#\~#\libraries\spl\source\stm32f4xx_usart.o
                0x080027cc                USART_Init
 .text.USART_Cmd
                0x08002940       0x40 obj\debug\~#\~#\libraries\spl\source\stm32f4xx_usart.o
                0x08002940                USART_Cmd
 .text.USART_DMACmd
                0x08002980       0x48 obj\debug\~#\~#\libraries\spl\source\stm32f4xx_usart.o
                0x08002980                USART_DMACmd
 .text._ZN8AnalogInC2Ev
                0x080029c8      0x198 obj\debug\~#\~#\libraries\util\analog_in.o
                0x080029c8                AnalogIn::AnalogIn()
                0x080029c8                AnalogIn::AnalogIn()
 .text._ZN8AnalogIn11getVoltagesEPf
                0x08002b60       0x60 obj\debug\~#\~#\libraries\util\analog_in.o
                0x08002b60                AnalogIn::getVoltages(float*)
 .text.DMA2_Stream0_IRQHandler
                0x08002bc0       0x54 obj\debug\~#\~#\libraries\util\analog_in.o
                0x08002bc0                DMA2_Stream0_IRQHandler
 .text.NVIC_SystemReset
                0x08002c14       0x24 obj\debug\~#\~#\libraries\util\bootloader_init.o
 .text._Z15bootloader_initv
                0x08002c38       0x20 obj\debug\~#\~#\libraries\util\bootloader_init.o
                0x08002c38                bootloader_init()
 .text._ZN19ComplementaryFilterC2Ev
                0x08002c58       0x60 obj\debug\~#\~#\libraries\util\complementary_filter.o
                0x08002c58                ComplementaryFilter::ComplementaryFilter()
                0x08002c58                ComplementaryFilter::ComplementaryFilter()
 .text._ZN19ComplementaryFilter6updateEfPKfS1_
                0x08002cb8      0x3d0 obj\debug\~#\~#\libraries\util\complementary_filter.o
                0x08002cb8                ComplementaryFilter::update(float, float const*, float const*)
 .text._ZN19ComplementaryFilter11setAttitudeEPKf
                0x08003088       0x80 obj\debug\~#\~#\libraries\util\complementary_filter.o
                0x08003088                ComplementaryFilter::setAttitude(float const*)
 .text._ZN19ComplementaryFilter11getAttitudeEPf
                0x08003108       0x30 obj\debug\~#\~#\libraries\util\complementary_filter.o
                0x08003108                ComplementaryFilter::getAttitude(float*)
 .text._Z16quaternion_2_rpyPKfPf
                0x08003138      0x18c obj\debug\~#\~#\libraries\util\coordinate_conversions.o
                0x08003138                quaternion_2_rpy(float const*, float*)
 .text._Z14quaternion_2_RPKfPA3_f
                0x080032c4      0x210 obj\debug\~#\~#\libraries\util\coordinate_conversions.o
                0x080032c4                quaternion_2_R(float const*, float (*) [3])
 .text._Z13cross_productPKfS0_Pf
                0x080034d4       0xa0 obj\debug\~#\~#\libraries\util\coordinate_conversions.o
                0x080034d4                cross_product(float const*, float const*, float*)
 .text._Z16vector_magnitudePKf
                0x08003574       0x5c obj\debug\~#\~#\libraries\util\coordinate_conversions.o
                0x08003574                vector_magnitude(float const*)
 .text._Z14quat_magnitudePKf
                0x080035d0       0x74 obj\debug\~#\~#\libraries\util\coordinate_conversions.o
                0x080035d0                quat_magnitude(float const*)
 .text._Z13calculate_crcPhmt
                0x08003644       0x64 obj\debug\~#\~#\libraries\util\crc.o
                0x08003644                calculate_crc(unsigned char*, unsigned long, unsigned short)
 .text._Z12debug_printfPKcz
                0x080036a8       0x30 obj\debug\~#\~#\libraries\util\debug_printf.o
                0x080036a8                debug_printf(char const*, ...)
 .text._ZN16DerivativeFilterC2Efff
                0x080036d8      0x198 obj\debug\~#\~#\libraries\util\derivative_filter.o
                0x080036d8                DerivativeFilter::DerivativeFilter(float, float, float)
                0x080036d8                DerivativeFilter::DerivativeFilter(float, float, float)
 .text._ZN16DerivativeFilter5resetEv
                0x08003870       0x28 obj\debug\~#\~#\libraries\util\derivative_filter.o
                0x08003870                DerivativeFilter::reset()
 .text._ZN16DerivativeFilter9calculateEf
                0x08003898       0x94 obj\debug\~#\~#\libraries\util\derivative_filter.o
                0x08003898                DerivativeFilter::calculate(float)
 .text._ZN10DigitalOut3setEv
                0x0800392c       0x14 obj\debug\~#\~#\libraries\util\digital_out.o
                0x0800392c                DigitalOut::set()
 .text._ZN10DigitalOut5clearEv
                0x08003940       0x14 obj\debug\~#\~#\libraries\util\digital_out.o
                0x08003940                DigitalOut::clear()
 .text._ZN10DigitalOutC2E17digital_out_pin_t17GPIOOType_TypeDef16GPIOPuPd_TypeDefh
                0x08003954      0x150 obj\debug\~#\~#\libraries\util\digital_out.o
                0x08003954                DigitalOut::DigitalOut(digital_out_pin_t, GPIOOType_TypeDef, GPIOPuPd_TypeDef, unsigned char)
                0x08003954                DigitalOut::DigitalOut(digital_out_pin_t, GPIOOType_TypeDef, GPIOPuPd_TypeDef, unsigned char)
 .text._ZN5DmaRxC2EP18DMA_Stream_TypeDefmmm
                0x08003aa4       0xc4 obj\debug\~#\~#\libraries\util\dma_rx.o
                0x08003aa4                DmaRx::DmaRx(DMA_Stream_TypeDef*, unsigned long, unsigned long, unsigned long)
                0x08003aa4                DmaRx::DmaRx(DMA_Stream_TypeDef*, unsigned long, unsigned long, unsigned long)
 .text._ZN5DmaRxD2Ev
                0x08003b68       0x2c obj\debug\~#\~#\libraries\util\dma_rx.o
                0x08003b68                DmaRx::~DmaRx()
                0x08003b68                DmaRx::~DmaRx()
 .text._ZNK5DmaRx5emptyEv
                0x08003b94       0x2c obj\debug\~#\~#\libraries\util\dma_rx.o
                0x08003b94                DmaRx::empty() const
 .text._ZN5DmaRx7getByteEPh
                0x08003bc0       0x4c obj\debug\~#\~#\libraries\util\dma_rx.o
                0x08003bc0                DmaRx::getByte(unsigned char*)
 .text.NVIC_EnableIRQ
                0x08003c0c       0x2c obj\debug\~#\~#\libraries\util\dma_tx.o
 .text.NVIC_DisableIRQ
                0x08003c38       0x2c obj\debug\~#\~#\libraries\util\dma_tx.o
 .text._ZN5DmaTxC2EP18DMA_Stream_TypeDefm4IRQnmmmm
                0x08003c64      0x100 obj\debug\~#\~#\libraries\util\dma_tx.o
                0x08003c64                DmaTx::DmaTx(DMA_Stream_TypeDef*, unsigned long, IRQn, unsigned long, unsigned long, unsigned long, unsigned long)
                0x08003c64                DmaTx::DmaTx(DMA_Stream_TypeDef*, unsigned long, IRQn, unsigned long, unsigned long, unsigned long, unsigned long)
 .text._ZN5DmaTxD2Ev
                0x08003d64       0x2c obj\debug\~#\~#\libraries\util\dma_tx.o
                0x08003d64                DmaTx::~DmaTx()
                0x08003d64                DmaTx::~DmaTx()
 .text._ZN5DmaTx10sendBufferEPKht
                0x08003d90       0x88 obj\debug\~#\~#\libraries\util\dma_tx.o
                0x08003d90                DmaTx::sendBuffer(unsigned char const*, unsigned short)
 .text._ZN5DmaTx20copyToTransferBufferEPKhtPtS2_
                0x08003e18      0x1a4 obj\debug\~#\~#\libraries\util\dma_tx.o
                0x08003e18                DmaTx::copyToTransferBuffer(unsigned char const*, unsigned short, unsigned short*, unsigned short*)
 .text._ZN5DmaTx19activateDMATransferEt
                0x08003fbc       0xb8 obj\debug\~#\~#\libraries\util\dma_tx.o
                0x08003fbc                DmaTx::activateDMATransfer(unsigned short)
 .text._ZN5DmaTx9handleISREv
                0x08004074       0xa8 obj\debug\~#\~#\libraries\util\dma_tx.o
                0x08004074                DmaTx::handleISR()
 .text._ZN7EncoderC2E12encoder_id_t
                0x0800411c      0x144 obj\debug\~#\~#\libraries\util\encoder.o
                0x0800411c                Encoder::Encoder(encoder_id_t)
                0x0800411c                Encoder::Encoder(encoder_id_t)
 .text._ZN7Encoder4readEv
                0x08004260       0x98 obj\debug\~#\~#\libraries\util\encoder.o
                0x08004260                Encoder::read()
 .text._ZN7Encoder3setEl
                0x080042f8       0x78 obj\debug\~#\~#\libraries\util\encoder.o
                0x080042f8                Encoder::set(long)
 .text._ZN9GreenLedsC2Ev
                0x08004370       0x68 obj\debug\~#\~#\libraries\util\green_leds.o
                0x08004370                GreenLeds::GreenLeds()
                0x08004370                GreenLeds::GreenLeds()
 .text._ZN9GreenLeds3setEh
                0x080043d8       0xc0 obj\debug\~#\~#\libraries\util\green_leds.o
                0x080043d8                GreenLeds::set(unsigned char)
 .text._ZN7MPU600014convertRawGyroEs
                0x08004498       0x28 obj\debug\~#\~#\libraries\util\mpu6000.o
                0x08004498                MPU6000::convertRawGyro(short)
 .text._ZN7MPU600015convertRawAccelEs
                0x080044c0       0x28 obj\debug\~#\~#\libraries\util\mpu6000.o
                0x080044c0                MPU6000::convertRawAccel(short)
 .text._ZN7MPU6000C2Ev
                0x080044e8       0x30 obj\debug\~#\~#\libraries\util\mpu6000.o
                0x080044e8                MPU6000::MPU6000()
                0x080044e8                MPU6000::MPU6000()
 .text._ZN7MPU600010initializeEv
                0x08004518       0x4c obj\debug\~#\~#\libraries\util\mpu6000.o
                0x08004518                MPU6000::initialize()
 .text._ZN7MPU60008readGyroEPf
                0x08004564      0x108 obj\debug\~#\~#\libraries\util\mpu6000.o
                0x08004564                MPU6000::readGyro(float*)
 .text._ZN7MPU60009readAccelEPf
                0x0800466c      0x114 obj\debug\~#\~#\libraries\util\mpu6000.o
                0x0800466c                MPU6000::readAccel(float*)
 .text._ZN7MPU60005resetEv
                0x08004780       0xfc obj\debug\~#\~#\libraries\util\mpu6000.o
                0x08004780                MPU6000::reset()
 .text._ZN7MPU60005probeEv
                0x0800487c       0x44 obj\debug\~#\~#\libraries\util\mpu6000.o
                0x0800487c                MPU6000::probe()
 .text._ZN7MPU600013setSampleRateEt
                0x080048c0       0x64 obj\debug\~#\~#\libraries\util\mpu6000.o
                0x080048c0                MPU6000::setSampleRate(unsigned short)
 .text._ZN7MPU600012setDLPFilterEt
                0x08004924       0xa0 obj\debug\~#\~#\libraries\util\mpu6000.o
                0x08004924                MPU6000::setDLPFilter(unsigned short)
 .text._ZN7MPU600012readRegisterEh
                0x080049c4       0x60 obj\debug\~#\~#\libraries\util\mpu6000.o
                0x080049c4                MPU6000::readRegister(unsigned char)
 .text._ZN7MPU600011setRegisterEhh
                0x08004a24       0x68 obj\debug\~#\~#\libraries\util\mpu6000.o
                0x08004a24                MPU6000::setRegister(unsigned char, unsigned char)
 *fill*         0x08004a8c        0x4 
 .text._ZN7MPU60006usleepEm
                0x08004a90       0x50 obj\debug\~#\~#\libraries\util\mpu6000.o
                0x08004a90                MPU6000::usleep(unsigned long)
 .text._ZN13PidControllerC2Efffffff
                0x08004ae0       0x64 obj\debug\~#\~#\libraries\util\pid_controller.o
                0x08004ae0                PidController::PidController(float, float, float, float, float, float, float)
                0x08004ae0                PidController::PidController(float, float, float, float, float, float, float)
 .text._ZN13PidController9calculateEfff
                0x08004b44       0xe8 obj\debug\~#\~#\libraries\util\pid_controller.o
                0x08004b44                PidController::calculate(float, float, float)
 .text._ZN13PidController9calculateEff
                0x08004c2c       0x60 obj\debug\~#\~#\libraries\util\pid_controller.o
                0x08004c2c                PidController::calculate(float, float)
 .text._ZN13PidController3setERK16glo_pid_params_t
                0x08004c8c       0x44 obj\debug\~#\~#\libraries\util\pid_controller.o
                0x08004c8c                PidController::set(glo_pid_params_t const&)
 .text._ZNK13PidController3getER16glo_pid_params_t
                0x08004cd0       0x44 obj\debug\~#\~#\libraries\util\pid_controller.o
                0x08004cd0                PidController::get(glo_pid_params_t&) const
 .text._ZN19PwmOutAdvancedTimerC2Ev
                0x08004d14      0x14c obj\debug\~#\~#\libraries\util\pwm_out_advanced_timer.o
                0x08004d14                PwmOutAdvancedTimer::PwmOutAdvancedTimer()
                0x08004d14                PwmOutAdvancedTimer::PwmOutAdvancedTimer()
 .text._ZN19PwmOutAdvancedTimer7setDutyEfh
                0x08004e60       0xa8 obj\debug\~#\~#\libraries\util\pwm_out_advanced_timer.o
                0x08004e60                PwmOutAdvancedTimer::setDuty(float, unsigned char)
 .text._Z5limitIfET_S0_S0_S0_
                0x08004f08       0x48 obj\debug\~#\~#\libraries\util\pwm_out_advanced_timer.o
                0x08004f08                float limit<float>(float, float, float)
 .text._ZN3SPI8instanceEm
                0x08004f50      0x1c4 obj\debug\~#\~#\libraries\util\spi.o
                0x08004f50                SPI::instance(unsigned long)
 .text._ZN3SPI12setFrequencyEm
                0x08005114       0xfc obj\debug\~#\~#\libraries\util\spi.o
                0x08005114                SPI::setFrequency(unsigned long)
 .text._ZN3SPI8sendByteEh
                0x08005210       0x98 obj\debug\~#\~#\libraries\util\spi.o
                0x08005210                SPI::sendByte(unsigned char)
 .text.NVIC_SetPriority
                0x080052a8       0x4c obj\debug\~#\~#\libraries\util\system_timer.o
 .text.SysTick_Config
                0x080052f4       0x44 obj\debug\~#\~#\libraries\util\system_timer.o
 .text._ZN11SystemTimer7secondsEv
                0x08005338       0x38 obj\debug\~#\~#\libraries\util\system_timer.o
                0x08005338                SystemTimer::seconds()
 .text._ZN11SystemTimerC2Ev
                0x08005370       0x88 obj\debug\~#\~#\libraries\util\system_timer.o
                0x08005370                SystemTimer::SystemTimer()
                0x08005370                SystemTimer::SystemTimer()
 .text.SysTick_Handler
                0x080053f8       0x18 obj\debug\~#\~#\libraries\util\system_timer.o
                0x080053f8                SysTick_Handler
 .text._ZN11SystemTimer5ticksEv
                0x08005410       0xcc obj\debug\~#\~#\libraries\util\system_timer.o
                0x08005410                SystemTimer::ticks()
 .text._ZN11SystemTimer8busyWaitEd
                0x080054dc       0x50 obj\debug\~#\~#\libraries\util\system_timer.o
                0x080054dc                SystemTimer::busyWait(double)
 .text._ZN9TB6612FNGC2Ev
                0x0800552c       0x40 obj\debug\~#\~#\libraries\util\tb6612fng.o
                0x0800552c                TB6612FNG::TB6612FNG()
                0x0800552c                TB6612FNG::TB6612FNG()
 .text._ZN9TB6612FNG8setDutyAEf
                0x0800556c       0x64 obj\debug\~#\~#\libraries\util\tb6612fng.o
                0x0800556c                TB6612FNG::setDutyA(float)
 .text._ZN9TB6612FNG8setDutyBEf
                0x080055d0       0x64 obj\debug\~#\~#\libraries\util\tb6612fng.o
                0x080055d0                TB6612FNG::setDutyB(float)
 .text._Z41__static_initialization_and_destruction_0ii
                0x08005634       0x70 obj\debug\~#\~#\libraries\util\tb6612fng.o
 .text._GLOBAL__sub_I__ZN9TB6612FNGC2Ev
                0x080056a4       0x10 obj\debug\~#\~#\libraries\util\tb6612fng.o
 .text.sincostab
                0x080056b4       0xd4 obj\debug\~#\~#\libraries\util\trigtables.o
                0x080056b4                sincostab
 .text._ZN5Usart13USART1_TX_ISREv
                0x08005788       0x14 obj\debug\~#\~#\libraries\util\usart.o
                0x08005788                Usart::USART1_TX_ISR()
 .text._ZN5Usart13USART2_TX_ISREv
                0x0800579c       0x14 obj\debug\~#\~#\libraries\util\usart.o
                0x0800579c                Usart::USART2_TX_ISR()
 .text._ZN5UsartC2Ev
                0x080057b0        0xc obj\debug\~#\~#\libraries\util\usart.o
                0x080057b0                Usart::Usart()
                0x080057b0                Usart::Usart()
 .text._ZN5Usart8instanceEh
                0x080057bc       0xc4 obj\debug\~#\~#\libraries\util\usart.o
                0x080057bc                Usart::instance(unsigned char)
 .text._ZN5UsartD2Ev
                0x08005880       0x48 obj\debug\~#\~#\libraries\util\usart.o
                0x08005880                Usart::~Usart()
                0x08005880                Usart::~Usart()
 .text._ZN5Usart7getByteEPh
                0x080058c8       0x20 obj\debug\~#\~#\libraries\util\usart.o
                0x080058c8                Usart::getByte(unsigned char*)
 .text._ZN5Usart10sendBufferEPKht
                0x080058e8       0x2c obj\debug\~#\~#\libraries\util\usart.o
                0x080058e8                Usart::sendBuffer(unsigned char const*, unsigned short)
 .text._ZN5Usart8InitBus1Ev
                0x08005914      0x160 obj\debug\~#\~#\libraries\util\usart.o
                0x08005914                Usart::InitBus1()
 .text._ZN5Usart8InitBus2Ev
                0x08005a74      0x160 obj\debug\~#\~#\libraries\util\usart.o
                0x08005a74                Usart::InitBus2()
 .text.DMA1_Stream7_IRQHandler
                0x08005bd4        0x8 obj\debug\~#\~#\libraries\util\usart.o
                0x08005bd4                DMA1_Stream7_IRQHandler
 .text.DMA1_Stream6_IRQHandler
                0x08005bdc        0x8 obj\debug\~#\~#\libraries\util\usart.o
                0x08005bdc                DMA1_Stream6_IRQHandler
 .text.__tcf_0  0x08005be4       0x24 obj\debug\~#\~#\libraries\util\usart.o
 .text._Z41__static_initialization_and_destruction_0ii
                0x08005c08       0x4c obj\debug\~#\~#\libraries\util\usart.o
 .text._GLOBAL__sub_I__ZN5Usart4initE
                0x08005c54       0x10 obj\debug\~#\~#\libraries\util\usart.o
 .text._ZN8UserLedsC2Ev
                0x08005c64       0x80 obj\debug\~#\~#\libraries\util\user_leds.o
                0x08005c64                UserLeds::UserLeds()
                0x08005c64                UserLeds::UserLeds()
 .text._ZN8UserLeds3setE13user_led_id_t
                0x08005ce4       0x5c obj\debug\~#\~#\libraries\util\user_leds.o
                0x08005ce4                UserLeds::set(user_led_id_t)
 .text._ZN8UserLeds5clearE13user_led_id_t
                0x08005d40       0x5c obj\debug\~#\~#\libraries\util\user_leds.o
                0x08005d40                UserLeds::clear(user_led_id_t)
 .text._ZN14UserPushButtonC2Eh
                0x08005d9c       0x9c obj\debug\~#\~#\libraries\util\user_pb.o
                0x08005d9c                UserPushButton::UserPushButton(unsigned char)
                0x08005d9c                UserPushButton::UserPushButton(unsigned char)
 .text._ZN14UserPushButton4readEv
                0x08005e38       0x4c obj\debug\~#\~#\libraries\util\user_pb.o
                0x08005e38                UserPushButton::read()
 .text._ZN14UserPushButton9activatedEv
                0x08005e84       0x48 obj\debug\~#\~#\libraries\util\user_pb.o
                0x08005e84                UserPushButton::activated()
 .text._ZNK9Scheduler9Scheduler13runningTaskIDEv
                0x08005ecc       0x10 obj\debug\~#\~#\libraries\util\util_assert.o
                0x08005ecc                Scheduler::Scheduler::runningTaskID() const
 *fill*         0x08005edc        0x4 
 .text._Z18util_assert_failediPKciS0_z
                0x08005ee0      0x198 obj\debug\~#\~#\libraries\util\util_assert.o
                0x08005ee0                util_assert_failed(int, char const*, int, char const*, ...)
 .text._ZN13PidController13resetIntegralEv
                0x08006078       0x10 obj\debug\~#\~#\modes\balance_mode.o
                0x08006078                PidController::resetIntegral()
 .text._ZN15MainControlTask11balanceModeEv
                0x08006088      0x24c obj\debug\~#\~#\modes\balance_mode.o
                0x08006088                MainControlTask::balanceMode()
 *fill*         0x080062d4        0x4 
 .text._ZN15MainControlTask10customModeEv
                0x080062d8      0x7a8 obj\debug\~#\~#\modes\custom_mode.o
                0x080062d8                MainControlTask::customMode()
 .text._Z19determine_directionfa
                0x08006a80       0xcc obj\debug\~#\~#\modes\custom_mode.o
                0x08006a80                determine_direction(float, signed char)
 *fill*         0x08006b4c        0x4 
 .text._Z18determine_line_poshfh
                0x08006b50      0x110 obj\debug\~#\~#\modes\custom_mode.o
                0x08006b50                determine_line_pos(unsigned char, float, unsigned char)
 .text._ZN15MainControlTask14experimentModeEv
                0x08006c60       0x78 obj\debug\~#\~#\modes\experiment_mode.o
                0x08006c60                MainControlTask::experimentMode()
 .text._ZL15updateWaveStateR10glo_wave_t
                0x08006cd8       0xe8 obj\debug\~#\~#\modes\experiment_mode.o
 .text._ZL10updateWaveR10glo_wave_tf
                0x08006dc0      0x428 obj\debug\~#\~#\modes\experiment_mode.o
 .text._ZN12GlobTemplateI21glo_capture_command_tLt1E15MainControlTaskE4readEPS0_t
                0x080071e8       0x9c obj\debug\~#\~#\modes\experiment_mode.o
                0x080071e8                GlobTemplate<glo_capture_command_t, (unsigned short)1, MainControlTask>::read(glo_capture_command_t*, unsigned short)
 .text._ZN15MainControlTask15experiment1ModeEf
                0x08007284       0x88 obj\debug\~#\~#\modes\experiments\experiment1_mode.o
                0x08007284                MainControlTask::experiment1Mode(float)
 .text._ZN15MainControlTask15experiment2ModeEf
                0x0800730c       0xb8 obj\debug\~#\~#\modes\experiments\experiment2_mode.o
                0x0800730c                MainControlTask::experiment2Mode(float)
 .text._ZN15MainControlTask15experiment3ModeEf
                0x080073c4       0x38 obj\debug\~#\~#\modes\experiments\experiment3_mode.o
                0x080073c4                MainControlTask::experiment3Mode(float)
 .text._ZN15MainControlTask14horizontalModeEv
                0x080073fc      0x148 obj\debug\~#\~#\modes\horizontal_mode.o
                0x080073fc                MainControlTask::horizontalMode()
 .text._ZN15MainControlTask17lineFollowingModeEv
                0x08007544      0x278 obj\debug\~#\~#\modes\line_following_mode.o
                0x08007544                MainControlTask::lineFollowingMode()
 .text._ZN15MainControlTask8raceModeEv
                0x080077bc      0x278 obj\debug\~#\~#\modes\race_mode.o
                0x080077bc                MainControlTask::raceMode()
 .text._ZNK9Scheduler4Task22previousStepWasDefaultEv
                0x08007a34       0x18 obj\debug\~#\~#\scheduler\periodic_task.o
                0x08007a34                Scheduler::Task::previousStepWasDefault() const
 .text._ZNK11SystemTimer9frequencyEv
                0x08007a4c       0x10 obj\debug\~#\~#\scheduler\periodic_task.o
                0x08007a4c                SystemTimer::frequency() const
 .text._ZN9Scheduler12PeriodicTaskC2EPKclf
                0x08007a5c      0x1a8 obj\debug\~#\~#\scheduler\periodic_task.o
                0x08007a5c                Scheduler::PeriodicTask::PeriodicTask(char const*, long, float)
                0x08007a5c                Scheduler::PeriodicTask::PeriodicTask(char const*, long, float)
 .text._ZN9Scheduler12PeriodicTask9needToRunEv
                0x08007c04       0x50 obj\debug\~#\~#\scheduler\periodic_task.o
                0x08007c04                Scheduler::PeriodicTask::needToRun()
 .text._ZN9Scheduler12PeriodicTask19decideWhenToRunNextEv
                0x08007c54       0x94 obj\debug\~#\~#\scheduler\periodic_task.o
                0x08007c54                Scheduler::PeriodicTask::decideWhenToRunNext()
 .text._ZN9Scheduler12PeriodicTask8throttleEf
                0x08007ce8       0x84 obj\debug\~#\~#\scheduler\periodic_task.o
                0x08007ce8                Scheduler::PeriodicTask::throttle(float)
 .text._ZN9Scheduler12PeriodicTask10throttleHzEf
                0x08007d6c       0x3c obj\debug\~#\~#\scheduler\periodic_task.o
                0x08007d6c                Scheduler::PeriodicTask::throttleHz(float)
 .text._ZNK9Scheduler4Task7task_idEv
                0x08007da8       0x10 obj\debug\~#\~#\scheduler\scheduler.o
                0x08007da8                Scheduler::Task::task_id() const
 .text._ZN9Scheduler9SchedulerC2Ev
                0x08007db8       0x58 obj\debug\~#\~#\scheduler\scheduler.o
                0x08007db8                Scheduler::Scheduler::Scheduler()
                0x08007db8                Scheduler::Scheduler::Scheduler()
 .text._ZN9Scheduler9Scheduler12registerTaskERNS_4TaskE
                0x08007e10       0x34 obj\debug\~#\~#\scheduler\scheduler.o
                0x08007e10                Scheduler::Scheduler::registerTask(Scheduler::Task&)
 .text._ZN9Scheduler9Scheduler13scheduleTasksEv
                0x08007e44       0xc8 obj\debug\~#\~#\scheduler\scheduler.o
                0x08007e44                Scheduler::Scheduler::scheduleTasks()
 .text._ZNK9Scheduler9Scheduler17disableInterruptsEv
                0x08007f0c       0x24 obj\debug\~#\~#\scheduler\scheduler.o
                0x08007f0c                Scheduler::Scheduler::disableInterrupts() const
 .text._ZNK9Scheduler9Scheduler17restoreInterruptsEb
                0x08007f30       0x18 obj\debug\~#\~#\scheduler\scheduler.o
                0x08007f30                Scheduler::Scheduler::restoreInterrupts(bool) const
 .text._ZN9Scheduler9Scheduler9timeTasksEv
                0x08007f48       0xc8 obj\debug\~#\~#\scheduler\scheduler.o
                0x08007f48                Scheduler::Scheduler::timeTasks()
 .text._ZN9Scheduler9Scheduler21flushOutgoingMessagesEv
                0x08008010       0x40 obj\debug\~#\~#\scheduler\scheduler.o
                0x08008010                Scheduler::Scheduler::flushOutgoingMessages()
 .text._ZN9Scheduler9Scheduler21flushIncomingMessagesEv
                0x08008050       0x40 obj\debug\~#\~#\scheduler\scheduler.o
                0x08008050                Scheduler::Scheduler::flushIncomingMessages()
 .text._ZNK9Scheduler9Scheduler20currentlyTimingTasksEv
                0x08008090       0x10 obj\debug\~#\~#\scheduler\task.o
                0x08008090                Scheduler::Scheduler::currentlyTimingTasks() const
 .text._ZN9Scheduler4TaskC2EPKcl
                0x080080a0       0x98 obj\debug\~#\~#\scheduler\task.o
                0x080080a0                Scheduler::Task::Task(char const*, long)
                0x080080a0                Scheduler::Task::Task(char const*, long)
 .text._ZN9Scheduler4Task13tryInitializeEv
                0x08008138       0x2c obj\debug\~#\~#\scheduler\task.o
                0x08008138                Scheduler::Task::tryInitialize()
 .text._ZN9Scheduler4Task7executeEv
                0x08008164       0x9c obj\debug\~#\~#\scheduler\task.o
                0x08008164                Scheduler::Task::execute()
 .text._ZN9Scheduler4Task10readyToRunEv
                0x08008200       0x54 obj\debug\~#\~#\scheduler\task.o
                0x08008200                Scheduler::Task::readyToRun()
 .text._ZN9Scheduler4Task19decideWhenToRunNextEv
                0x08008254       0x20 obj\debug\~#\~#\scheduler\task.o
                0x08008254                Scheduler::Task::decideWhenToRunNext()
 .text._ZN9Scheduler4Task19startTimingAnalysisEv
                0x08008274       0x3c obj\debug\~#\~#\scheduler\task.o
                0x08008274                Scheduler::Task::startTimingAnalysis()
 .text._ZN9Scheduler4Task18stopTimingAnalysisER17glo_task_timing_t
                0x080082b0       0xcc obj\debug\~#\~#\scheduler\task.o
                0x080082b0                Scheduler::Task::stopTimingAnalysis(glo_task_timing_t&)
 .text._ZN9Scheduler4Task21resetTaskTimingFieldsEv
                0x0800837c       0x4c obj\debug\~#\~#\scheduler\task.o
                0x0800837c                Scheduler::Task::resetTaskTimingFields()
 .text._ZN9Scheduler4Task16recordTimingInfoEv
                0x080083c8       0xdc obj\debug\~#\~#\scheduler\task.o
                0x080083c8                Scheduler::Task::recordTimingInfo()
 .text._Z3maxImET_S0_S0_
                0x080084a4       0x1c obj\debug\~#\~#\scheduler\task.o
                0x080084a4                unsigned long max<unsigned long>(unsigned long, unsigned long)
 .text._Z3minImET_S0_S0_
                0x080084c0       0x1c obj\debug\~#\~#\scheduler\task.o
                0x080084c0                unsigned long min<unsigned long>(unsigned long, unsigned long)
 .text._ZN23ComplementaryFilterTaskC2Ef
                0x080084dc       0x4c obj\debug\~#\~#\tasks\complementary_filter_task.o
                0x080084dc                ComplementaryFilterTask::ComplementaryFilterTask(float)
                0x080084dc                ComplementaryFilterTask::ComplementaryFilterTask(float)
 .text._ZN23ComplementaryFilterTask10initializeEv
                0x08008528       0x70 obj\debug\~#\~#\tasks\complementary_filter_task.o
                0x08008528                ComplementaryFilterTask::initialize()
 .text._ZN23ComplementaryFilterTask14publishNewDataEv
                0x08008598       0x58 obj\debug\~#\~#\tasks\complementary_filter_task.o
                0x08008598                ComplementaryFilterTask::publishNewData()
 .text._ZN23ComplementaryFilterTask3runEv
                0x080085f0       0x64 obj\debug\~#\~#\tasks\complementary_filter_task.o
                0x080085f0                ComplementaryFilterTask::run()
 .text._ZN23ComplementaryFilterTask13estimateStateEv
                0x08008654      0x184 obj\debug\~#\~#\tasks\complementary_filter_task.o
                0x08008654                ComplementaryFilterTask::estimateState()
 .text._ZN12GlobTemplateI9glo_imu_tLt1E23ComplementaryFilterTaskE7publishEPKS0_t
                0x080087d8       0x8c obj\debug\~#\~#\tasks\complementary_filter_task.o
                0x080087d8                GlobTemplate<glo_imu_t, (unsigned short)1, ComplementaryFilterTask>::publish(glo_imu_t const*, unsigned short)
 .text._ZN12GlobTemplateI13glo_raw_imu_tLt1E23ComplementaryFilterTaskE7publishEPKS0_t
                0x08008864       0x8c obj\debug\~#\~#\tasks\complementary_filter_task.o
                0x08008864                GlobTemplate<glo_raw_imu_t, (unsigned short)1, ComplementaryFilterTask>::publish(glo_raw_imu_t const*, unsigned short)
 .text._ZN12GlobTemplateI16glo_quaternion_tLt1E23ComplementaryFilterTaskE7publishEPKS0_t
                0x080088f0       0x84 obj\debug\~#\~#\tasks\complementary_filter_task.o
                0x080088f0                GlobTemplate<glo_quaternion_t, (unsigned short)1, ComplementaryFilterTask>::publish(glo_quaternion_t const*, unsigned short)
 .text._ZN12GlobTemplateI20glo_roll_pitch_yaw_tLt1E23ComplementaryFilterTaskE7publishEPKS0_t
                0x08008974       0x8c obj\debug\~#\~#\tasks\complementary_filter_task.o
                0x08008974                GlobTemplate<glo_roll_pitch_yaw_t, (unsigned short)1, ComplementaryFilterTask>::publish(glo_roll_pitch_yaw_t const*, unsigned short)
 .text._ZN8LedsTask10initializeEv
                0x08008a00        0x8 obj\debug\~#\~#\tasks\leds_task.o
                0x08008a00                LedsTask::initialize()
 .text._ZN8LedsTaskC2Ef
                0x08008a08       0x60 obj\debug\~#\~#\tasks\leds_task.o
                0x08008a08                LedsTask::LedsTask(float)
                0x08008a08                LedsTask::LedsTask(float)
 .text._ZN8LedsTask11readNewDataEv
                0x08008a68       0x30 obj\debug\~#\~#\tasks\leds_task.o
                0x08008a68                LedsTask::readNewData()
 .text._ZN8LedsTask3runEv
                0x08008a98       0x6c obj\debug\~#\~#\tasks\leds_task.o
                0x08008a98                LedsTask::run()
 .text._ZN8LedsTask7slowRunEv
                0x08008b04      0x198 obj\debug\~#\~#\tasks\leds_task.o
                0x08008b04                LedsTask::slowRun()
 .text._ZN8LedsTask25requestNewLedGreenPatternEh
                0x08008c9c       0x20 obj\debug\~#\~#\tasks\leds_task.o
                0x08008c9c                LedsTask::requestNewLedGreenPattern(unsigned char)
 .text._ZN12GlobTemplateI11glo_modes_tLt1E9ModesTaskE4readEPS0_t
                0x08008cbc       0x98 obj\debug\~#\~#\tasks\leds_task.o
                0x08008cbc                GlobTemplate<glo_modes_t, (unsigned short)1, ModesTask>::read(glo_modes_t*, unsigned short)
 .text._ZN12GlobTemplateI12glo_analog_tLt1E15MainControlTaskE4readEPS0_t
                0x08008d54       0x9c obj\debug\~#\~#\tasks\leds_task.o
                0x08008d54                GlobTemplate<glo_analog_t, (unsigned short)1, MainControlTask>::read(glo_analog_t*, unsigned short)
 .text._ZNK8GlobBase6get_idEv
                0x08008df0       0x10 obj\debug\~#\~#\tasks\main_control_task.o
                0x08008df0                GlobBase::get_id() const
 .text._ZNK8GlobBase17get_num_instancesEv
                0x08008e00       0x10 obj\debug\~#\~#\tasks\main_control_task.o
                0x08008e00                GlobBase::get_num_instances() const
 .text._ZN15MainControlTaskC2Ef
                0x08008e10      0x2b0 obj\debug\~#\~#\tasks\main_control_task.o
                0x08008e10                MainControlTask::MainControlTask(float)
                0x08008e10                MainControlTask::MainControlTask(float)
 .text._ZN15MainControlTask10initializeEv
                0x080090c0       0x28 obj\debug\~#\~#\tasks\main_control_task.o
                0x080090c0                MainControlTask::initialize()
 .text._ZN15MainControlTask11readNewDataEv
                0x080090e8       0x84 obj\debug\~#\~#\tasks\main_control_task.o
                0x080090e8                MainControlTask::readNewData()
 .text._ZN15MainControlTask14publishNewDataEv
                0x0800916c       0x5c obj\debug\~#\~#\tasks\main_control_task.o
                0x0800916c                MainControlTask::publishNewData()
 .text._ZN15MainControlTask3runEv
                0x080091c8      0x210 obj\debug\~#\~#\tasks\main_control_task.o
                0x080091c8                MainControlTask::run()
 .text._ZN15MainControlTask14updateMotorPWMEv
                0x080093d8      0x150 obj\debug\~#\~#\tasks\main_control_task.o
                0x080093d8                MainControlTask::updateMotorPWM()
 .text._ZN15MainControlTask14runDataCaptureEv
                0x08009528      0x248 obj\debug\~#\~#\tasks\main_control_task.o
                0x08009528                MainControlTask::runDataCapture()
 .text._ZN15MainControlTask6handleER21glo_capture_command_t
                0x08009770       0xb0 obj\debug\~#\~#\tasks\main_control_task.o
                0x08009770                MainControlTask::handle(glo_capture_command_t&)
 .text._ZN15MainControlTask21reset_zero_tilt_angleEv
                0x08009820       0x24 obj\debug\~#\~#\tasks\main_control_task.o
                0x08009820                MainControlTask::reset_zero_tilt_angle()
 .text._ZN15MainControlTask6handleER10glo_wave_t
                0x08009844       0x50 obj\debug\~#\~#\tasks\main_control_task.o
                0x08009844                MainControlTask::handle(glo_wave_t&)
 .text._ZN15MainControlTask25handle_balance_tilt_gainsER16glo_pid_params_t
                0x08009894       0x20 obj\debug\~#\~#\tasks\main_control_task.o
                0x08009894                MainControlTask::handle_balance_tilt_gains(glo_pid_params_t&)
 .text._ZN15MainControlTask29handle_balance_position_gainsER16glo_pid_params_t
                0x080098b4       0x20 obj\debug\~#\~#\tasks\main_control_task.o
                0x080098b4                MainControlTask::handle_balance_position_gains(glo_pid_params_t&)
 .text._ZN15MainControlTask22get_balance_tilt_gainsER16glo_pid_params_t
                0x080098d4       0x4c obj\debug\~#\~#\tasks\main_control_task.o
                0x080098d4                MainControlTask::get_balance_tilt_gains(glo_pid_params_t&)
 .text._ZN15MainControlTask26get_balance_position_gainsER16glo_pid_params_t
                0x08009920       0x4c obj\debug\~#\~#\tasks\main_control_task.o
                0x08009920                MainControlTask::get_balance_position_gains(glo_pid_params_t&)
 .text._ZN15MainControlTask5resetEv
                0x0800996c       0x78 obj\debug\~#\~#\tasks\main_control_task.o
                0x0800996c                MainControlTask::reset()
 .text._ZN12GlobTemplateI9glo_imu_tLt1E23ComplementaryFilterTaskE4readEPS0_t
                0x080099e4       0x9c obj\debug\~#\~#\tasks\main_control_task.o
                0x080099e4                GlobTemplate<glo_imu_t, (unsigned short)1, ComplementaryFilterTask>::read(glo_imu_t*, unsigned short)
 .text._ZN12GlobTemplateI20glo_roll_pitch_yaw_tLt1E23ComplementaryFilterTaskE4readEPS0_t
                0x08009a80       0x9c obj\debug\~#\~#\tasks\main_control_task.o
                0x08009a80                GlobTemplate<glo_roll_pitch_yaw_t, (unsigned short)1, ComplementaryFilterTask>::read(glo_roll_pitch_yaw_t*, unsigned short)
 .text._ZN12GlobTemplateI16glo_theta_zero_tLt1E15MainControlTaskE4readEPS0_t
                0x08009b1c       0x94 obj\debug\~#\~#\tasks\main_control_task.o
                0x08009b1c                GlobTemplate<glo_theta_zero_t, (unsigned short)1, MainControlTask>::read(glo_theta_zero_t*, unsigned short)
 .text._ZN12GlobTemplateI21glo_motion_commands_tLt1E20TelemetryReceiveTaskE4readEPS0_t
                0x08009bb0       0x94 obj\debug\~#\~#\tasks\main_control_task.o
                0x08009bb0                GlobTemplate<glo_motion_commands_t, (unsigned short)1, TelemetryReceiveTask>::read(glo_motion_commands_t*, unsigned short)
 .text._ZN12GlobTemplateI17glo_status_data_tLt1E16StatusUpdateTaskE4readEPS0_t
                0x08009c44       0x98 obj\debug\~#\~#\tasks\main_control_task.o
                0x08009c44                GlobTemplate<glo_status_data_t, (unsigned short)1, StatusUpdateTask>::read(glo_status_data_t*, unsigned short)
 .text._ZN12GlobTemplateI14glo_odometry_tLt1E15MainControlTaskE7publishEPKS0_t
                0x08009cdc       0x8c obj\debug\~#\~#\tasks\main_control_task.o
                0x08009cdc                GlobTemplate<glo_odometry_t, (unsigned short)1, MainControlTask>::publish(glo_odometry_t const*, unsigned short)
 .text._ZN12GlobTemplateI12glo_analog_tLt1E15MainControlTaskE7publishEPKS0_t
                0x08009d68       0x8c obj\debug\~#\~#\tasks\main_control_task.o
                0x08009d68                GlobTemplate<glo_analog_t, (unsigned short)1, MainControlTask>::publish(glo_analog_t const*, unsigned short)
 .text._ZN12GlobTemplateI10glo_wave_tLt1E15MainControlTaskE7publishEPKS0_t
                0x08009df4       0x8c obj\debug\~#\~#\tasks\main_control_task.o
                0x08009df4                GlobTemplate<glo_wave_t, (unsigned short)1, MainControlTask>::publish(glo_wave_t const*, unsigned short)
 .text._ZN12GlobTemplateI15glo_motor_pwm_tLt1E15MainControlTaskE7publishEPKS0_t
                0x08009e80       0x84 obj\debug\~#\~#\tasks\main_control_task.o
                0x08009e80                GlobTemplate<glo_motor_pwm_t, (unsigned short)1, MainControlTask>::publish(glo_motor_pwm_t const*, unsigned short)
 .text._ZN12GlobTemplateI21glo_capture_command_tLt1E15MainControlTaskE7publishEPKS0_t
                0x08009f04       0x8c obj\debug\~#\~#\tasks\main_control_task.o
                0x08009f04                GlobTemplate<glo_capture_command_t, (unsigned short)1, MainControlTask>::publish(glo_capture_command_t const*, unsigned short)
 .text._ZN12GlobTemplateI18glo_capture_data_tLt2001E15MainControlTaskE7publishEPKS0_t
                0x08009f90       0x90 obj\debug\~#\~#\tasks\main_control_task.o
                0x08009f90                GlobTemplate<glo_capture_data_t, (unsigned short)2001, MainControlTask>::publish(glo_capture_data_t const*, unsigned short)
 .text._Z5limitImET_S0_S0_S0_
                0x0800a020       0x28 obj\debug\~#\~#\tasks\main_control_task.o
                0x0800a020                unsigned long limit<unsigned long>(unsigned long, unsigned long, unsigned long)
 .text._ZN12GlobTemplateI16glo_theta_zero_tLt1E15MainControlTaskE7publishEPKS0_t
                0x0800a048       0x84 obj\debug\~#\~#\tasks\main_control_task.o
                0x0800a048                GlobTemplate<glo_theta_zero_t, (unsigned short)1, MainControlTask>::publish(glo_theta_zero_t const*, unsigned short)
 .text._ZN9ModesTaskC2Ef
                0x0800a0cc       0x60 obj\debug\~#\~#\tasks\modes_task.o
                0x0800a0cc                ModesTask::ModesTask(float)
                0x0800a0cc                ModesTask::ModesTask(float)
 .text._ZN9ModesTask10initializeEv
                0x0800a12c       0x38 obj\debug\~#\~#\tasks\modes_task.o
                0x0800a12c                ModesTask::initialize()
 .text._ZN9ModesTask3runEv
                0x0800a164       0x7c obj\debug\~#\~#\tasks\modes_task.o
                0x0800a164                ModesTask::run()
 .text._ZN9ModesTask5resetEv
                0x0800a1e0       0x18 obj\debug\~#\~#\tasks\modes_task.o
                0x0800a1e0                ModesTask::reset()
 .text._ZN9ModesTask23inVerticalConfigurationEv
                0x0800a1f8       0x24 obj\debug\~#\~#\tasks\modes_task.o
                0x0800a1f8                ModesTask::inVerticalConfiguration()
 .text._ZN9ModesTask6handleE11glo_modes_t
                0x0800a21c       0xdc obj\debug\~#\~#\tasks\modes_task.o
                0x0800a21c                ModesTask::handle(glo_modes_t)
 .text._ZN9ModesTask6handleEh
                0x0800a2f8       0x5c obj\debug\~#\~#\tasks\modes_task.o
                0x0800a2f8                ModesTask::handle(unsigned char)
 .text._ZN9ModesTask12stoppedStateEv
                0x0800a354       0x24 obj\debug\~#\~#\tasks\modes_task.o
                0x0800a354                ModesTask::stoppedState()
 .text._ZN9ModesTask17initializingStateEv
                0x0800a378       0xb0 obj\debug\~#\~#\tasks\modes_task.o
                0x0800a378                ModesTask::initializingState()
 .text._ZN9ModesTask11normalStateEv
                0x0800a428       0x24 obj\debug\~#\~#\tasks\modes_task.o
                0x0800a428                ModesTask::normalState()
 .text._ZN9ModesTask11changeStateEh
                0x0800a44c       0x30 obj\debug\~#\~#\tasks\modes_task.o
                0x0800a44c                ModesTask::changeState(unsigned char)
 .text._ZN12GlobTemplateI11glo_modes_tLt1E9ModesTaskE7publishEPKS0_t
                0x0800a47c       0x88 obj\debug\~#\~#\tasks\modes_task.o
                0x0800a47c                GlobTemplate<glo_modes_t, (unsigned short)1, ModesTask>::publish(glo_modes_t const*, unsigned short)
 .text._ZN16StatusUpdateTask10initializeEv
                0x0800a504        0x8 obj\debug\~#\~#\tasks\status_update_task.o
                0x0800a504                StatusUpdateTask::initialize()
 .text._ZN16StatusUpdateTaskC2Ef
                0x0800a50c       0x3c obj\debug\~#\~#\tasks\status_update_task.o
                0x0800a50c                StatusUpdateTask::StatusUpdateTask(float)
                0x0800a50c                StatusUpdateTask::StatusUpdateTask(float)
 .text._ZN16StatusUpdateTask11readNewDataEv
                0x0800a548       0x7c obj\debug\~#\~#\tasks\status_update_task.o
                0x0800a548                StatusUpdateTask::readNewData()
 .text._ZN16StatusUpdateTask14publishNewDataEv
                0x0800a5c4       0x38 obj\debug\~#\~#\tasks\status_update_task.o
                0x0800a5c4                StatusUpdateTask::publishNewData()
 .text._ZN16StatusUpdateTask3runEv
                0x0800a5fc      0x14c obj\debug\~#\~#\tasks\status_update_task.o
                0x0800a5fc                StatusUpdateTask::run()
 .text._ZN16StatusUpdateTask13setErrorCodesEh
                0x0800a748       0x24 obj\debug\~#\~#\tasks\status_update_task.o
                0x0800a748                StatusUpdateTask::setErrorCodes(unsigned char)
 .text._ZN16StatusUpdateTask15clearErrorCodesEh
                0x0800a76c       0x2c obj\debug\~#\~#\tasks\status_update_task.o
                0x0800a76c                StatusUpdateTask::clearErrorCodes(unsigned char)
 .text._ZN12GlobTemplateI14glo_odometry_tLt1E15MainControlTaskE4readEPS0_t
                0x0800a798       0x9c obj\debug\~#\~#\tasks\status_update_task.o
                0x0800a798                GlobTemplate<glo_odometry_t, (unsigned short)1, MainControlTask>::read(glo_odometry_t*, unsigned short)
 .text._ZN12GlobTemplateI15glo_motor_pwm_tLt1E15MainControlTaskE4readEPS0_t
                0x0800a834       0x94 obj\debug\~#\~#\tasks\status_update_task.o
                0x0800a834                GlobTemplate<glo_motor_pwm_t, (unsigned short)1, MainControlTask>::read(glo_motor_pwm_t*, unsigned short)
 .text._ZN12GlobTemplateI17glo_status_data_tLt1E16StatusUpdateTaskE7publishEPKS0_t
                0x0800a8c8       0x88 obj\debug\~#\~#\tasks\status_update_task.o
                0x0800a8c8                GlobTemplate<glo_status_data_t, (unsigned short)1, StatusUpdateTask>::publish(glo_status_data_t const*, unsigned short)
 .text._Z10wrap_angleIfET_S0_
                0x0800a950       0x68 obj\debug\~#\~#\tasks\status_update_task.o
                0x0800a950                float wrap_angle<float>(float)
 .text._ZNK5Usart5emptyEv
                0x0800a9b8       0x1c obj\debug\~#\~#\tasks\telemetry_receive_task.o
                0x0800a9b8                Usart::empty() const
 .text._ZNK9GloRxLink9dataReadyEv
                0x0800a9d4       0x20 obj\debug\~#\~#\tasks\telemetry_receive_task.o
                0x0800a9d4                GloRxLink::dataReady() const
 .text._ZN20TelemetryReceiveTaskC2Ev
                0x0800a9f4       0x44 obj\debug\~#\~#\tasks\telemetry_receive_task.o
                0x0800a9f4                TelemetryReceiveTask::TelemetryReceiveTask()
                0x0800a9f4                TelemetryReceiveTask::TelemetryReceiveTask()
 .text._ZN20TelemetryReceiveTask10initializeEv
                0x0800aa38       0x9c obj\debug\~#\~#\tasks\telemetry_receive_task.o
                0x0800aa38                TelemetryReceiveTask::initialize()
 .text._ZN20TelemetryReceiveTask9needToRunEv
                0x0800aad4       0x1c obj\debug\~#\~#\tasks\telemetry_receive_task.o
                0x0800aad4                TelemetryReceiveTask::needToRun()
 .text._ZN20TelemetryReceiveTask3runEv
                0x0800aaf0       0x18 obj\debug\~#\~#\tasks\telemetry_receive_task.o
                0x0800aaf0                TelemetryReceiveTask::run()
 .text._ZN20TelemetryReceiveTask18newMessageCallbackEhtPv
                0x0800ab08      0x104 obj\debug\~#\~#\tasks\telemetry_receive_task.o
                0x0800ab08                TelemetryReceiveTask::newMessageCallback(unsigned char, unsigned short, void*)
 .text._ZN20TelemetryReceiveTask6handleER21glo_driving_command_t
                0x0800ac0c      0x150 obj\debug\~#\~#\tasks\telemetry_receive_task.o
                0x0800ac0c                TelemetryReceiveTask::handle(glo_driving_command_t&)
 .text._ZN20TelemetryReceiveTask6handleER21glo_motion_commands_t
                0x0800ad5c       0x1c obj\debug\~#\~#\tasks\telemetry_receive_task.o
                0x0800ad5c                TelemetryReceiveTask::handle(glo_motion_commands_t&)
 .text._ZN20TelemetryReceiveTask6handleER16glo_pid_params_tt
                0x0800ad78       0xe8 obj\debug\~#\~#\tasks\telemetry_receive_task.o
                0x0800ad78                TelemetryReceiveTask::handle(glo_pid_params_t&, unsigned short)
 .text._ZN20TelemetryReceiveTask17syncPidParametersEv
                0x0800ae60       0xc8 obj\debug\~#\~#\tasks\telemetry_receive_task.o
                0x0800ae60                TelemetryReceiveTask::syncPidParameters()
 .text._ZN20TelemetryReceiveTask6handleER13glo_request_tt
                0x0800af28       0x84 obj\debug\~#\~#\tasks\telemetry_receive_task.o
                0x0800af28                TelemetryReceiveTask::handle(glo_request_t&, unsigned short)
 .text._ZN12GlobTemplateI21glo_driving_command_tLt1E20TelemetryReceiveTaskE7publishEPKS0_t
                0x0800afac       0x8c obj\debug\~#\~#\tasks\telemetry_receive_task.o
                0x0800afac                GlobTemplate<glo_driving_command_t, (unsigned short)1, TelemetryReceiveTask>::publish(glo_driving_command_t const*, unsigned short)
 .text._ZN12GlobTemplateI21glo_motion_commands_tLt1E20TelemetryReceiveTaskE7publishEPKS0_t
                0x0800b038       0x84 obj\debug\~#\~#\tasks\telemetry_receive_task.o
                0x0800b038                GlobTemplate<glo_motion_commands_t, (unsigned short)1, TelemetryReceiveTask>::publish(glo_motion_commands_t const*, unsigned short)
 .text._ZN12GlobTemplateI16glo_pid_params_tLt8E20TelemetryReceiveTaskE7publishEPKS0_t
                0x0800b0bc       0x8c obj\debug\~#\~#\tasks\telemetry_receive_task.o
                0x0800b0bc                GlobTemplate<glo_pid_params_t, (unsigned short)8, TelemetryReceiveTask>::publish(glo_pid_params_t const*, unsigned short)
 .text._ZN12glob_queue_tC2Ev
                0x0800b148       0x28 obj\debug\~#\~#\tasks\telemetry_send_task.o
                0x0800b148                glob_queue_t::glob_queue_t()
                0x0800b148                glob_queue_t::glob_queue_t()
 .text._ZN12glob_queue_tC2Ehttl
                0x0800b170       0x38 obj\debug\~#\~#\tasks\telemetry_send_task.o
                0x0800b170                glob_queue_t::glob_queue_t(unsigned char, unsigned short, unsigned short, long)
                0x0800b170                glob_queue_t::glob_queue_t(unsigned char, unsigned short, unsigned short, long)
 .text._ZN17TelemetrySendTaskC2Em
                0x0800b1a8       0x64 obj\debug\~#\~#\tasks\telemetry_send_task.o
                0x0800b1a8                TelemetrySendTask::TelemetrySendTask(unsigned long)
                0x0800b1a8                TelemetrySendTask::TelemetrySendTask(unsigned long)
 .text._ZN17TelemetrySendTask9send_copyEht
                0x0800b20c       0x94 obj\debug\~#\~#\tasks\telemetry_send_task.o
                0x0800b20c                TelemetrySendTask::send_copy(unsigned char, unsigned short)
 .text._ZN17TelemetrySendTask4sendEhtt
                0x0800b2a0       0x40 obj\debug\~#\~#\tasks\telemetry_send_task.o
                0x0800b2a0                TelemetrySendTask::send(unsigned char, unsigned short, unsigned short)
 .text._ZN17TelemetrySendTask10initializeEv
                0x0800b2e0       0x90 obj\debug\~#\~#\tasks\telemetry_send_task.o
                0x0800b2e0                TelemetrySendTask::initialize()
 .text._ZN17TelemetrySendTask3runEv
                0x0800b370       0xe0 obj\debug\~#\~#\tasks\telemetry_send_task.o
                0x0800b370                TelemetrySendTask::run()
 .text._ZN17TelemetrySendTask27send_cached_assert_messagesEv
                0x0800b450       0x88 obj\debug\~#\~#\tasks\telemetry_send_task.o
                0x0800b450                TelemetrySendTask::send_cached_assert_messages()
 .text._ZN17TelemetrySendTask26send_cached_debug_messagesEv
                0x0800b4d8       0x88 obj\debug\~#\~#\tasks\telemetry_send_task.o
                0x0800b4d8                TelemetrySendTask::send_cached_debug_messages()
 .text._ZN17TelemetrySendTask6handleER20glo_assert_message_t
                0x0800b560       0x74 obj\debug\~#\~#\tasks\telemetry_send_task.o
                0x0800b560                TelemetrySendTask::handle(glo_assert_message_t&)
 .text._ZN17TelemetrySendTask6handleER19glo_debug_message_t
                0x0800b5d4       0x74 obj\debug\~#\~#\tasks\telemetry_send_task.o
                0x0800b5d4                TelemetrySendTask::handle(glo_debug_message_t&)
 .text._ZN17TelemetrySendTask6handleERK17glo_task_timing_t
                0x0800b648       0x34 obj\debug\~#\~#\tasks\telemetry_send_task.o
                0x0800b648                TelemetrySendTask::handle(glo_task_timing_t const&)
 .text._ZN9Scheduler10QueuedTaskI12glob_queue_tEC2EPKclm
                0x0800b67c       0x38 obj\debug\~#\~#\tasks\telemetry_send_task.o
                0x0800b67c                Scheduler::QueuedTask<glob_queue_t>::QueuedTask(char const*, long, unsigned long)
                0x0800b67c                Scheduler::QueuedTask<glob_queue_t>::QueuedTask(char const*, long, unsigned long)
 .text._ZN11SimpleArrayI17glob_data_queue_tEC2Em
                0x0800b6b4       0x68 obj\debug\~#\~#\tasks\telemetry_send_task.o
                0x0800b6b4                SimpleArray<glob_data_queue_t>::SimpleArray(unsigned long)
                0x0800b6b4                SimpleArray<glob_data_queue_t>::SimpleArray(unsigned long)
 .text._ZN11SimpleArrayI17glob_data_queue_tE14requestStorageEPl
                0x0800b71c       0x60 obj\debug\~#\~#\tasks\telemetry_send_task.o
                0x0800b71c                SimpleArray<glob_data_queue_t>::requestStorage(long*)
 .text._ZN9Scheduler10QueuedTaskI12glob_queue_tE7enqueueERS1_
                0x0800b77c       0x28 obj\debug\~#\~#\tasks\telemetry_send_task.o
                0x0800b77c                Scheduler::QueuedTask<glob_queue_t>::enqueue(glob_queue_t&)
 .text._ZN9Scheduler5QueueI12glob_queue_tE4peakEPS1_
                0x0800b7a4       0x60 obj\debug\~#\~#\tasks\telemetry_send_task.o
                0x0800b7a4                Scheduler::Queue<glob_queue_t>::peak(glob_queue_t*)
 .text._ZN11SimpleArrayI17glob_data_queue_tE9referenceEl
                0x0800b804       0x2c obj\debug\~#\~#\tasks\telemetry_send_task.o
                0x0800b804                SimpleArray<glob_data_queue_t>::reference(long)
 .text._ZN11SimpleArrayI17glob_data_queue_tE6removeEl
                0x0800b830       0x30 obj\debug\~#\~#\tasks\telemetry_send_task.o
                0x0800b830                SimpleArray<glob_data_queue_t>::remove(long)
 .text._ZN9Scheduler5QueueI12glob_queue_tE6removeEv
                0x0800b860       0x6c obj\debug\~#\~#\tasks\telemetry_send_task.o
                0x0800b860                Scheduler::Queue<glob_queue_t>::remove()
 .text._ZN9Scheduler5QueueI12glob_queue_tE13enqueue_frontERS1_
                0x0800b8cc       0x8c obj\debug\~#\~#\tasks\telemetry_send_task.o
                0x0800b8cc                Scheduler::Queue<glob_queue_t>::enqueue_front(glob_queue_t&)
 .text._ZN12GlobTemplateI20glo_assert_message_tLt3E17TelemetrySendTaskE7publishEPKS0_t
                0x0800b958       0x88 obj\debug\~#\~#\tasks\telemetry_send_task.o
                0x0800b958                GlobTemplate<glo_assert_message_t, (unsigned short)3, TelemetrySendTask>::publish(glo_assert_message_t const*, unsigned short)
 .text._ZN12GlobTemplateI19glo_debug_message_tLt5E17TelemetrySendTaskE7publishEPKS0_t
                0x0800b9e0       0x88 obj\debug\~#\~#\tasks\telemetry_send_task.o
                0x0800b9e0                GlobTemplate<glo_debug_message_t, (unsigned short)5, TelemetrySendTask>::publish(glo_debug_message_t const*, unsigned short)
 .text._ZN12GlobTemplateI17glo_task_timing_tLt1E17TelemetrySendTaskE7publishEPKS0_t
                0x0800ba68       0x88 obj\debug\~#\~#\tasks\telemetry_send_task.o
                0x0800ba68                GlobTemplate<glo_task_timing_t, (unsigned short)1, TelemetrySendTask>::publish(glo_task_timing_t const*, unsigned short)
 .text._ZN9Scheduler5QueueI12glob_queue_tEC2Em
                0x0800baf0       0x54 obj\debug\~#\~#\tasks\telemetry_send_task.o
                0x0800baf0                Scheduler::Queue<glob_queue_t>::Queue(unsigned long)
                0x0800baf0                Scheduler::Queue<glob_queue_t>::Queue(unsigned long)
 .text._ZN9Scheduler5QueueI12glob_queue_tE7enqueueERS1_
                0x0800bb44       0x8c obj\debug\~#\~#\tasks\telemetry_send_task.o
                0x0800bb44                Scheduler::Queue<glob_queue_t>::enqueue(glob_queue_t&)
 .text.__aeabi_atexit
                0x0800bbd0        0xa c:/program files (x86)/embitz/0.42/share/em_armgcc/bin/../lib/gcc/arm-none-eabi/4.8.4/../../../../arm-none-eabi/lib/armv7e-m/fpu\libstdc++_n.a(atexit_arm.o)
                0x0800bbd0                __aeabi_atexit
 .text._ZdlPv   0x0800bbda        0x8 c:/program files (x86)/embitz/0.42/share/em_armgcc/bin/../lib/gcc/arm-none-eabi/4.8.4/../../../../arm-none-eabi/lib/armv7e-m/fpu\libstdc++_n.a(del_op.o)
                0x0800bbda                operator delete(void*)
 .text._Znaj    0x0800bbe2        0x4 c:/program files (x86)/embitz/0.42/share/em_armgcc/bin/../lib/gcc/arm-none-eabi/4.8.4/../../../../arm-none-eabi/lib/armv7e-m/fpu\libstdc++_n.a(new_opv.o)
                0x0800bbe2                operator new[](unsigned int)
 .text._ZdaPv   0x0800bbe6        0x4 c:/program files (x86)/embitz/0.42/share/em_armgcc/bin/../lib/gcc/arm-none-eabi/4.8.4/../../../../arm-none-eabi/lib/armv7e-m/fpu\libstdc++_n.a(del_opv.o)
                0x0800bbe6                operator delete[](void*)
 *fill*         0x0800bbea        0x2 
 .text.__cxa_pure_virtual
                0x0800bbec       0x14 c:/program files (x86)/embitz/0.42/share/em_armgcc/bin/../lib/gcc/arm-none-eabi/4.8.4/../../../../arm-none-eabi/lib/armv7e-m/fpu\libstdc++_n.a(pure.o)
                0x0800bbec                __cxa_pure_virtual
 .text._Znwj    0x0800bc00       0x28 c:/program files (x86)/embitz/0.42/share/em_armgcc/bin/../lib/gcc/arm-none-eabi/4.8.4/../../../../arm-none-eabi/lib/armv7e-m/fpu\libstdc++_n.a(new_op.o)
                0x0800bc00                operator new(unsigned int)
 .text._ZN10__cxxabiv111__terminateEPFvvE
                0x0800bc28        0x8 c:/program files (x86)/embitz/0.42/share/em_armgcc/bin/../lib/gcc/arm-none-eabi/4.8.4/../../../../arm-none-eabi/lib/armv7e-m/fpu\libstdc++_n.a(eh_terminate.o)
                0x0800bc28                __cxxabiv1::__terminate(void (*)())
 .text._ZSt9terminatev
                0x0800bc30       0x10 c:/program files (x86)/embitz/0.42/share/em_armgcc/bin/../lib/gcc/arm-none-eabi/4.8.4/../../../../arm-none-eabi/lib/armv7e-m/fpu\libstdc++_n.a(eh_terminate.o)
                0x0800bc30                std::terminate()
 .text._ZN9__gnu_cxx27__verbose_terminate_handlerEv
                0x0800bc40       0x98 c:/program files (x86)/embitz/0.42/share/em_armgcc/bin/../lib/gcc/arm-none-eabi/4.8.4/../../../../arm-none-eabi/lib/armv7e-m/fpu\libstdc++_n.a(vterminate.o)
                0x0800bc40                __gnu_cxx::__verbose_terminate_handler()
 .text          0x0800bcd8     0x5780 c:/program files (x86)/embitz/0.42/share/em_armgcc/bin/../lib/gcc/arm-none-eabi/4.8.4/../../../../arm-none-eabi/lib/armv7e-m/fpu\libstdc++_n.a(cp-demangle.o)
                0x08011378                __cxa_demangle
                0x0801143c                __gcclibcxx_demangle_callback
 .text.__cxa_current_exception_type
                0x08011458       0x1a c:/program files (x86)/embitz/0.42/share/em_armgcc/bin/../lib/gcc/arm-none-eabi/4.8.4/../../../../arm-none-eabi/lib/armv7e-m/fpu\libstdc++_n.a(eh_type.o)
                0x08011458                __cxa_current_exception_type
 *fill*         0x08011472        0x2 
 .text.__cxa_get_globals
                0x08011474        0x8 c:/program files (x86)/embitz/0.42/share/em_armgcc/bin/../lib/gcc/arm-none-eabi/4.8.4/../../../../arm-none-eabi/lib/armv7e-m/fpu\libstdc++_n.a(eh_globals.o)
                0x08011474                __cxa_get_globals
 .text.fabs     0x0801147c       0x14 c:/program files (x86)/embitz/0.42/share/em_armgcc/bin/../lib/gcc/arm-none-eabi/4.8.4/../../../../arm-none-eabi/lib/armv7e-m/fpu\libm.a(lib_a-s_fabs.o)
                0x0801147c                fabs
 .text.fabsf    0x08011490       0x10 c:/program files (x86)/embitz/0.42/share/em_armgcc/bin/../lib/gcc/arm-none-eabi/4.8.4/../../../../arm-none-eabi/lib/armv7e-m/fpu\libm.a(lib_a-sf_fabs.o)
                0x08011490                fabsf
 .text.asinf    0x080114a0       0xbc c:/program files (x86)/embitz/0.42/share/em_armgcc/bin/../lib/gcc/arm-none-eabi/4.8.4/../../../../arm-none-eabi/lib/armv7e-m/fpu\libm.a(lib_a-wf_asin.o)
                0x080114a0                asinf
 .text.atan2f   0x0801155c        0x4 c:/program files (x86)/embitz/0.42/share/em_armgcc/bin/../lib/gcc/arm-none-eabi/4.8.4/../../../../arm-none-eabi/lib/armv7e-m/fpu\libm.a(lib_a-wf_atan2.o)
                0x0801155c                atan2f
 .text.sqrtf    0x08011560       0xb8 c:/program files (x86)/embitz/0.42/share/em_armgcc/bin/../lib/gcc/arm-none-eabi/4.8.4/../../../../arm-none-eabi/lib/armv7e-m/fpu\libm.a(lib_a-wf_sqrt.o)
                0x08011560                sqrtf
 .text.__ieee754_asinf
                0x08011618      0x210 c:/program files (x86)/embitz/0.42/share/em_armgcc/bin/../lib/gcc/arm-none-eabi/4.8.4/../../../../arm-none-eabi/lib/armv7e-m/fpu\libm.a(lib_a-ef_asin.o)
                0x08011618                __ieee754_asinf
 .text.__ieee754_atan2f
                0x08011828      0x164 c:/program files (x86)/embitz/0.42/share/em_armgcc/bin/../lib/gcc/arm-none-eabi/4.8.4/../../../../arm-none-eabi/lib/armv7e-m/fpu\libm.a(lib_a-ef_atan2.o)
                0x08011828                __ieee754_atan2f
 .text.__ieee754_sqrtf
                0x0801198c       0xa4 c:/program files (x86)/embitz/0.42/share/em_armgcc/bin/../lib/gcc/arm-none-eabi/4.8.4/../../../../arm-none-eabi/lib/armv7e-m/fpu\libm.a(lib_a-ef_sqrt.o)
                0x0801198c                __ieee754_sqrtf
 .text.matherr  0x08011a30        0x4 c:/program files (x86)/embitz/0.42/share/em_armgcc/bin/../lib/gcc/arm-none-eabi/4.8.4/../../../../arm-none-eabi/lib/armv7e-m/fpu\libm.a(lib_a-s_matherr.o)
                0x08011a30                matherr
 *fill*         0x08011a34        0x4 
 .text.nan      0x08011a38       0x10 c:/program files (x86)/embitz/0.42/share/em_armgcc/bin/../lib/gcc/arm-none-eabi/4.8.4/../../../../arm-none-eabi/lib/armv7e-m/fpu\libm.a(lib_a-s_nan.o)
                0x08011a38                nan
 .text.atanf    0x08011a48      0x1b0 c:/program files (x86)/embitz/0.42/share/em_armgcc/bin/../lib/gcc/arm-none-eabi/4.8.4/../../../../arm-none-eabi/lib/armv7e-m/fpu\libm.a(lib_a-sf_atan.o)
                0x08011a48                atanf
 .text.__fpclassifyf
                0x08011bf8       0x38 c:/program files (x86)/embitz/0.42/share/em_armgcc/bin/../lib/gcc/arm-none-eabi/4.8.4/../../../../arm-none-eabi/lib/armv7e-m/fpu\libm.a(lib_a-sf_fpclassify.o)
                0x08011bf8                __fpclassifyf
 .text          0x08011c30      0x370 c:/program files (x86)/embitz/0.42/share/em_armgcc/bin/../lib/gcc/arm-none-eabi/4.8.4/armv7e-m/fpu\libgcc.a(_arm_addsubdf3.o)
                0x08011c30                __aeabi_drsub
                0x08011c38                __aeabi_dsub
                0x08011c38                __subdf3
                0x08011c3c                __aeabi_dadd
                0x08011c3c                __adddf3
                0x08011eb4                __floatunsidf
                0x08011eb4                __aeabi_ui2d
                0x08011ed4                __floatsidf
                0x08011ed4                __aeabi_i2d
                0x08011ef8                __aeabi_f2d
                0x08011ef8                __extendsfdf2
                0x08011f34                __floatundidf
                0x08011f34                __aeabi_ul2d
                0x08011f44                __floatdidf
                0x08011f44                __aeabi_l2d
 .text          0x08011fa0      0x424 c:/program files (x86)/embitz/0.42/share/em_armgcc/bin/../lib/gcc/arm-none-eabi/4.8.4/armv7e-m/fpu\libgcc.a(_arm_muldivdf3.o)
                0x08011fa0                __aeabi_dmul
                0x08011fa0                __muldf3
                0x080121f4                __divdf3
                0x080121f4                __aeabi_ddiv
 .text          0x080123c4      0x110 c:/program files (x86)/embitz/0.42/share/em_armgcc/bin/../lib/gcc/arm-none-eabi/4.8.4/armv7e-m/fpu\libgcc.a(_arm_cmpdf2.o)
                0x080123c4                __gtdf2
                0x080123c4                __gedf2
                0x080123cc                __ltdf2
                0x080123cc                __ledf2
                0x080123d4                __nedf2
                0x080123d4                __eqdf2
                0x080123d4                __cmpdf2
                0x08012450                __aeabi_cdrcmple
                0x08012460                __aeabi_cdcmpeq
                0x08012460                __aeabi_cdcmple
                0x08012470                __aeabi_dcmpeq
                0x08012484                __aeabi_dcmplt
                0x08012498                __aeabi_dcmple
                0x080124ac                __aeabi_dcmpge
                0x080124c0                __aeabi_dcmpgt
 .text          0x080124d4       0xa0 c:/program files (x86)/embitz/0.42/share/em_armgcc/bin/../lib/gcc/arm-none-eabi/4.8.4/armv7e-m/fpu\libgcc.a(_arm_truncdfsf2.o)
                0x080124d4                __truncdfsf2
                0x080124d4                __aeabi_d2f
 .text          0x08012574       0x2c c:/program files (x86)/embitz/0.42/share/em_armgcc/bin/../lib/gcc/arm-none-eabi/4.8.4/armv7e-m/fpu\libgcc.a(_aeabi_uldivmod.o)
                0x08012574                __aeabi_uldivmod